Archive member included to satisfy reference by file (symbol)

/Applications/Ac6/SystemWorkbench.app/Contents/Eclipse/plugins/fr.ac6.mcu.externaltools.arm-none.macos64_1.16.0.201807130628/tools/compiler/bin/../lib/gcc/arm-none-eabi/7.2.1/../../../../arm-none-eabi/lib/thumb/v7e-m/fpv4-sp/hard/libm.a(lib_a-s_round.o)
                              Src/weatherForecast.o (round)
/Applications/Ac6/SystemWorkbench.app/Contents/Eclipse/plugins/fr.ac6.mcu.externaltools.arm-none.macos64_1.16.0.201807130628/tools/compiler/bin/../lib/gcc/arm-none-eabi/7.2.1/../../../../arm-none-eabi/lib/thumb/v7e-m/fpv4-sp/hard/libm.a(lib_a-w_pow.o)
                              Drivers/BMP280/BMP280.o (pow)
/Applications/Ac6/SystemWorkbench.app/Contents/Eclipse/plugins/fr.ac6.mcu.externaltools.arm-none.macos64_1.16.0.201807130628/tools/compiler/bin/../lib/gcc/arm-none-eabi/7.2.1/../../../../arm-none-eabi/lib/thumb/v7e-m/fpv4-sp/hard/libm.a(lib_a-e_pow.o)
                              /Applications/Ac6/SystemWorkbench.app/Contents/Eclipse/plugins/fr.ac6.mcu.externaltools.arm-none.macos64_1.16.0.201807130628/tools/compiler/bin/../lib/gcc/arm-none-eabi/7.2.1/../../../../arm-none-eabi/lib/thumb/v7e-m/fpv4-sp/hard/libm.a(lib_a-w_pow.o) (__ieee754_pow)
/Applications/Ac6/SystemWorkbench.app/Contents/Eclipse/plugins/fr.ac6.mcu.externaltools.arm-none.macos64_1.16.0.201807130628/tools/compiler/bin/../lib/gcc/arm-none-eabi/7.2.1/../../../../arm-none-eabi/lib/thumb/v7e-m/fpv4-sp/hard/libm.a(lib_a-e_sqrt.o)
                              /Applications/Ac6/SystemWorkbench.app/Contents/Eclipse/plugins/fr.ac6.mcu.externaltools.arm-none.macos64_1.16.0.201807130628/tools/compiler/bin/../lib/gcc/arm-none-eabi/7.2.1/../../../../arm-none-eabi/lib/thumb/v7e-m/fpv4-sp/hard/libm.a(lib_a-e_pow.o) (__ieee754_sqrt)
/Applications/Ac6/SystemWorkbench.app/Contents/Eclipse/plugins/fr.ac6.mcu.externaltools.arm-none.macos64_1.16.0.201807130628/tools/compiler/bin/../lib/gcc/arm-none-eabi/7.2.1/../../../../arm-none-eabi/lib/thumb/v7e-m/fpv4-sp/hard/libm.a(lib_a-s_fabs.o)
                              /Applications/Ac6/SystemWorkbench.app/Contents/Eclipse/plugins/fr.ac6.mcu.externaltools.arm-none.macos64_1.16.0.201807130628/tools/compiler/bin/../lib/gcc/arm-none-eabi/7.2.1/../../../../arm-none-eabi/lib/thumb/v7e-m/fpv4-sp/hard/libm.a(lib_a-e_pow.o) (fabs)
/Applications/Ac6/SystemWorkbench.app/Contents/Eclipse/plugins/fr.ac6.mcu.externaltools.arm-none.macos64_1.16.0.201807130628/tools/compiler/bin/../lib/gcc/arm-none-eabi/7.2.1/../../../../arm-none-eabi/lib/thumb/v7e-m/fpv4-sp/hard/libm.a(lib_a-s_finite.o)
                              /Applications/Ac6/SystemWorkbench.app/Contents/Eclipse/plugins/fr.ac6.mcu.externaltools.arm-none.macos64_1.16.0.201807130628/tools/compiler/bin/../lib/gcc/arm-none-eabi/7.2.1/../../../../arm-none-eabi/lib/thumb/v7e-m/fpv4-sp/hard/libm.a(lib_a-w_pow.o) (finite)
/Applications/Ac6/SystemWorkbench.app/Contents/Eclipse/plugins/fr.ac6.mcu.externaltools.arm-none.macos64_1.16.0.201807130628/tools/compiler/bin/../lib/gcc/arm-none-eabi/7.2.1/../../../../arm-none-eabi/lib/thumb/v7e-m/fpv4-sp/hard/libm.a(lib_a-s_lib_ver.o)
                              /Applications/Ac6/SystemWorkbench.app/Contents/Eclipse/plugins/fr.ac6.mcu.externaltools.arm-none.macos64_1.16.0.201807130628/tools/compiler/bin/../lib/gcc/arm-none-eabi/7.2.1/../../../../arm-none-eabi/lib/thumb/v7e-m/fpv4-sp/hard/libm.a(lib_a-w_pow.o) (__fdlib_version)
/Applications/Ac6/SystemWorkbench.app/Contents/Eclipse/plugins/fr.ac6.mcu.externaltools.arm-none.macos64_1.16.0.201807130628/tools/compiler/bin/../lib/gcc/arm-none-eabi/7.2.1/../../../../arm-none-eabi/lib/thumb/v7e-m/fpv4-sp/hard/libm.a(lib_a-s_matherr.o)
                              /Applications/Ac6/SystemWorkbench.app/Contents/Eclipse/plugins/fr.ac6.mcu.externaltools.arm-none.macos64_1.16.0.201807130628/tools/compiler/bin/../lib/gcc/arm-none-eabi/7.2.1/../../../../arm-none-eabi/lib/thumb/v7e-m/fpv4-sp/hard/libm.a(lib_a-w_pow.o) (matherr)
/Applications/Ac6/SystemWorkbench.app/Contents/Eclipse/plugins/fr.ac6.mcu.externaltools.arm-none.macos64_1.16.0.201807130628/tools/compiler/bin/../lib/gcc/arm-none-eabi/7.2.1/../../../../arm-none-eabi/lib/thumb/v7e-m/fpv4-sp/hard/libm.a(lib_a-s_nan.o)
                              /Applications/Ac6/SystemWorkbench.app/Contents/Eclipse/plugins/fr.ac6.mcu.externaltools.arm-none.macos64_1.16.0.201807130628/tools/compiler/bin/../lib/gcc/arm-none-eabi/7.2.1/../../../../arm-none-eabi/lib/thumb/v7e-m/fpv4-sp/hard/libm.a(lib_a-e_pow.o) (nan)
/Applications/Ac6/SystemWorkbench.app/Contents/Eclipse/plugins/fr.ac6.mcu.externaltools.arm-none.macos64_1.16.0.201807130628/tools/compiler/bin/../lib/gcc/arm-none-eabi/7.2.1/../../../../arm-none-eabi/lib/thumb/v7e-m/fpv4-sp/hard/libm.a(lib_a-s_rint.o)
[...]
Memory Configuration

Name             Origin             Length             Attributes
RAM              0x0000000020000000 0x0000000000020000 xrw
FLASH            0x0000000008000000 0x0000000000080000 xr
*default*        0x0000000000000000 0xffffffffffffffff

Linker script and memory map

LOAD /Applications/Ac6/SystemWorkbench.app/Contents/Eclipse/plugins/fr.ac6.mcu.externaltools.arm-none.macos64_1.16.0.201807130628/tools/compiler/bin/../lib/gcc/arm-none-eabi/7.2.1/thumb/v7e-m/fpv4-sp/hard/crti.o
LOAD /Applications/Ac6/SystemWorkbench.app/Contents/Eclipse/plugins/fr.ac6.mcu.externaltools.arm-none.macos64_1.16.0.201807130628/tools/compiler/bin/../lib/gcc/arm-none-eabi/7.2.1/thumb/v7e-m/fpv4-sp/hard/crtbegin.o
LOAD /Applications/Ac6/SystemWorkbench.app/Contents/Eclipse/plugins/fr.ac6.mcu.externaltools.arm-none.macos64_1.16.0.201807130628/tools/compiler/bin/../lib/gcc/arm-none-eabi/7.2.1/../../../../arm-none-eabi/lib/thumb/v7e-m/fpv4-sp/hard/crt0.o
LOAD Drivers/ATParser/at_parser.o
LOAD Drivers/ATParser/my_string.o
LOAD Drivers/BMP280/BMP280.o
LOAD Drivers/STM32F4xx_HAL_Driver/Src/stm32f4xx_hal.o
LOAD Drivers/STM32F4xx_HAL_Driver/Src/stm32f4xx_hal_cortex.o
LOAD Drivers/STM32F4xx_HAL_Driver/Src/stm32f4xx_hal_dma.o
LOAD Drivers/STM32F4xx_HAL_Driver/Src/stm32f4xx_hal_dma_ex.o
LOAD Drivers/STM32F4xx_HAL_Driver/Src/stm32f4xx_hal_flash.o
LOAD Drivers/STM32F4xx_HAL_Driver/Src/stm32f4xx_hal_flash_ex.o
LOAD Drivers/STM32F4xx_HAL_Driver/Src/stm32f4xx_hal_flash_ramfunc.o
LOAD Drivers/STM32F4xx_HAL_Driver/Src/stm32f4xx_hal_gpio.o
LOAD Drivers/STM32F4xx_HAL_Driver/Src/stm32f4xx_hal_i2c.o
LOAD Drivers/STM32F4xx_HAL_Driver/Src/stm32f4xx_hal_i2c_ex.o
LOAD Drivers/STM32F4xx_HAL_Driver/Src/stm32f4xx_hal_pwr.o
LOAD Drivers/STM32F4xx_HAL_Driver/Src/stm32f4xx_hal_pwr_ex.o
LOAD Drivers/STM32F4xx_HAL_Driver/Src/stm32f4xx_hal_rcc.o
LOAD Drivers/STM32F4xx_HAL_Driver/Src/stm32f4xx_hal_rcc_ex.o
LOAD Drivers/STM32F4xx_HAL_Driver/Src/stm32f4xx_hal_tim.o
LOAD Drivers/STM32F4xx_HAL_Driver/Src/stm32f4xx_hal_tim_ex.o
LOAD Drivers/STM32F4xx_HAL_Driver/Src/stm32f4xx_hal_uart.o
LOAD Drivers/display/Fonts/font12.o
LOAD Drivers/display/Fonts/font16.o
LOAD Drivers/display/Fonts/font20.o
LOAD Drivers/display/Fonts/font24.o
LOAD Drivers/display/Fonts/font8.o
LOAD Drivers/display/lcd.o
LOAD Drivers/ringbuffer_dma/ringbuffer_dma.o
LOAD Middlewares/Third_Party/FreeRTOS/Source/CMSIS_RTOS/cmsis_os.o
LOAD Middlewares/Third_Party/FreeRTOS/Source/croutine.o
LOAD Middlewares/Third_Party/FreeRTOS/Source/event_groups.o
LOAD Middlewares/Third_Party/FreeRTOS/Source/list.o
LOAD Middlewares/Third_Party/FreeRTOS/Source/queue.o
LOAD Middlewares/Third_Party/FreeRTOS/Source/tasks.o
LOAD Middlewares/Third_Party/FreeRTOS/Source/timers.o
LOAD Middlewares/Third_Party/FreeRTOS/Source/portable/GCC/ARM_CM4F/port.o
LOAD Middlewares/Third_Party/FreeRTOS/Source/portable/MemMang/heap_4.o
LOAD Src/dma.o
LOAD Src/freertos.o
LOAD Src/gpio.o
LOAD Src/i2c.o
LOAD Src/main.o
LOAD Src/stm32f4xx_hal_msp.o
LOAD Src/stm32f4xx_hal_timebase_TIM.o
LOAD Src/stm32f4xx_it.o
LOAD Src/system_stm32f4xx.o
LOAD Src/usart.o
LOAD Src/weatherForecast.o
LOAD startup/startup_stm32f446xx.o
LOAD /Applications/Ac6/SystemWorkbench.app/Contents/Eclipse/plugins/fr.ac6.mcu.externaltools.arm-none.macos64_1.16.0.201807130628/tools/compiler/bin/../lib/gcc/arm-none-eabi/7.2.1/../../../../arm-none-eabi/lib/thumb/v7e-m/fpv4-sp/hard/libm.a
START GROUP
LOAD /Applications/Ac6/SystemWorkbench.app/Contents/Eclipse/plugins/fr.ac6.mcu.externaltools.arm-none.macos64_1.16.0.201807130628/tools/compiler/bin/../lib/gcc/arm-none-eabi/7.2.1/thumb/v7e-m/fpv4-sp/hard/libgcc.a
LOAD /Applications/Ac6/SystemWorkbench.app/Contents/Eclipse/plugins/fr.ac6.mcu.externaltools.arm-none.macos64_1.16.0.201807130628/tools/compiler/bin/../lib/gcc/arm-none-eabi/7.2.1/../../../../arm-none-eabi/lib/thumb/v7e-m/fpv4-sp/hard/libc_nano.a
END GROUP
START GROUP
LOAD /Applications/Ac6/SystemWorkbench.app/Contents/Eclipse/plugins/fr.ac6.mcu.externaltools.arm-none.macos64_1.16.0.201807130628/tools/compiler/bin/../lib/gcc/arm-none-eabi/7.2.1/thumb/v7e-m/fpv4-sp/hard/libgcc.a
LOAD /Applications/Ac6/SystemWorkbench.app/Contents/Eclipse/plugins/fr.ac6.mcu.externaltools.arm-none.macos64_1.16.0.201807130628/tools/compiler/bin/../lib/gcc/arm-none-eabi/7.2.1/../../../../arm-none-eabi/lib/thumb/v7e-m/fpv4-sp/hard/libc_nano.a
LOAD /Applications/Ac6/SystemWorkbench.app/Contents/Eclipse/plugins/fr.ac6.mcu.externaltools.arm-none.macos64_1.16.0.201807130628/tools/compiler/bin/../lib/gcc/arm-none-eabi/7.2.1/../../../../arm-none-eabi/lib/thumb/v7e-m/fpv4-sp/hard/libnosys.a
END GROUP
START GROUP
LOAD /Applications/Ac6/SystemWorkbench.app/Contents/Eclipse/plugins/fr.ac6.mcu.externaltools.arm-none.macos64_1.16.0.201807130628/tools/compiler/bin/../lib/gcc/arm-none-eabi/7.2.1/thumb/v7e-m/fpv4-sp/hard/libgcc.a
LOAD /Applications/Ac6/SystemWorkbench.app/Contents/Eclipse/plugins/fr.ac6.mcu.externaltools.arm-none.macos64_1.16.0.201807130628/tools/compiler/bin/../lib/gcc/arm-none-eabi/7.2.1/../../../../arm-none-eabi/lib/thumb/v7e-m/fpv4-sp/hard/libc_nano.a
LOAD /Applications/Ac6/SystemWorkbench.app/Contents/Eclipse/plugins/fr.ac6.mcu.externaltools.arm-none.macos64_1.16.0.201807130628/tools/compiler/bin/../lib/gcc/arm-none-eabi/7.2.1/../../../../arm-none-eabi/lib/thumb/v7e-m/fpv4-sp/hard/libnosys.a
END GROUP
LOAD /Applications/Ac6/SystemWorkbench.app/Contents/Eclipse/plugins/fr.ac6.mcu.externaltools.arm-none.macos64_1.16.0.201807130628/tools/compiler/bin/../lib/gcc/arm-none-eabi/7.2.1/thumb/v7e-m/fpv4-sp/hard/crtend.o
LOAD /Applications/Ac6/SystemWorkbench.app/Contents/Eclipse/plugins/fr.ac6.mcu.externaltools.arm-none.macos64_1.16.0.201807130628/tools/compiler/bin/../lib/gcc/arm-none-eabi/7.2.1/thumb/v7e-m/fpv4-sp/hard/crtn.o
                0x0000000020020000                _estack = 0x20020000
                0x0000000000000200                _Min_Heap_Size = 0x200
                0x0000000000000400                _Min_Stack_Size = 0x400

.isr_vector     0x0000000008000000      0x1c4
                0x0000000008000000                . = ALIGN (0x4)
 *(.isr_vector)
 .isr_vector    0x0000000008000000      0x1c4 startup/startup_stm32f446xx.o
                0x0000000008000000                g_pfnVectors
                0x00000000080001c4                . = ALIGN (0x4)

.text           0x00000000080001d0     0xbe04
                0x00000000080001d0                . = ALIGN (0x4)
 *(.text)
 .text          0x00000000080001d0       0x40 /Applications/Ac6/SystemWorkbench.app/Contents/Eclipse/plugins/fr.ac6.mcu.externaltools.arm-none.macos64_1.16.0.201807130628/tools/compiler/bin/../lib/gcc/arm-none-eabi/7.2.1/thumb/v7e-m/fpv4-sp/hard/crtbegin.o
 .text          0x0000000008000210      0x378 /Applications/Ac6/SystemWorkbench.app/Contents/Eclipse/plugins/fr.ac6.mcu.externaltools.arm-none.macos64_1.16.0.201807130628/tools/compiler/bin/../lib/gcc/arm-none-eabi/7.2.1/thumb/v7e-m/fpv4-sp/hard/libgcc.a(_arm_addsubdf3.o)
                0x0000000008000210                __aeabi_drsub
                0x0000000008000218                __subdf3
                0x0000000008000218                __aeabi_dsub
                0x000000000800021c                __aeabi_dadd
                0x000000000800021c                __adddf3
                0x0000000008000494                __aeabi_ui2d
                0x0000000008000494                __floatunsidf
                0x00000000080004b4                __floatsidf
                0x00000000080004b4                __aeabi_i2d
                0x00000000080004d8                __extendsfdf2
                0x00000000080004d8                __aeabi_f2d
                0x000000000800051c                __aeabi_ul2d
                0x000000000800051c                __floatundidf
                0x000000000800052c                __aeabi_l2d
                0x000000000800052c                __floatdidf
 .text          0x0000000008000588      0x424 /Applications/Ac6/SystemWorkbench.app/Contents/Eclipse/plugins/fr.ac6.mcu.externaltools.arm-none.macos64_1.16.0.201807130628/tools/compiler/bin/../lib/gcc/arm-none-eabi/7.2.1/thumb/v7e-m/fpv4-sp/hard/libgcc.a(_arm_muldivdf3.o)
                0x0000000008000588                __aeabi_dmul
                0x0000000008000588                __muldf3
                0x00000000080007dc                __aeabi_ddiv
                0x00000000080007dc                __divdf3
 .text          0x00000000080009ac      0x110 /Applications/Ac6/SystemWorkbench.app/Contents/Eclipse/plugins/fr.ac6.mcu.externaltools.arm-none.macos64_1.16.0.201807130628/tools/compiler/bin/../lib/gcc/arm-none-eabi/7.2.1/thumb/v7e-m/fpv4-sp/hard/libgcc.a(_arm_cmpdf2.o)
                0x00000000080009ac                __gedf2
                0x00000000080009ac                __gtdf2
                0x00000000080009b4                __ledf2
                0x00000000080009b4                __ltdf2
                0x00000000080009bc                __cmpdf2
                0x00000000080009bc                __eqdf2
                0x00000000080009bc                __nedf2
                0x0000000008000a38                __aeabi_cdrcmple
                0x0000000008000a48                __aeabi_cdcmple
                0x0000000008000a48                __aeabi_cdcmpeq
                0x0000000008000a58                __aeabi_dcmpeq
                0x0000000008000a6c                __aeabi_dcmplt
                0x0000000008000a80                __aeabi_dcmple
                0x0000000008000a94                __aeabi_dcmpge
                0x0000000008000aa8                __aeabi_dcmpgt
 .text          0x0000000008000abc       0x2c /Applications/Ac6/SystemWorkbench.app/Contents/Eclipse/plugins/fr.ac6.mcu.externaltools.arm-none.macos64_1.16.0.201807130628/tools/compiler/bin/../lib/gcc/arm-none-eabi/7.2.1/thumb/v7e-m/fpv4-sp/hard/libgcc.a(_arm_unorddf2.o)
                0x0000000008000abc                __aeabi_dcmpun
                0x0000000008000abc                __unorddf2
 .text          0x0000000008000ae8       0x50 /Applications/Ac6/SystemWorkbench.app/Contents/Eclipse/plugins/fr.ac6.mcu.externaltools.arm-none.macos64_1.16.0.201807130628/tools/compiler/bin/../lib/gcc/arm-none-eabi/7.2.1/thumb/v7e-m/fpv4-sp/hard/libgcc.a(_arm_fixdfsi.o)
                0x0000000008000ae8                __fixdfsi
                0x0000000008000ae8                __aeabi_d2iz
 .text          0x0000000008000b38       0xa0 /Applications/Ac6/SystemWorkbench.app/Contents/Eclipse/plugins/fr.ac6.mcu.externaltools.arm-none.macos64_1.16.0.201807130628/tools/compiler/bin/../lib/gcc/arm-none-eabi/7.2.1/thumb/v7e-m/fpv4-sp/hard/libgcc.a(_arm_truncdfsf2.o)
                0x0000000008000b38                __aeabi_d2f
                0x0000000008000b38                __truncdfsf2
 .text          0x0000000008000bd8       0x30 /Applications/Ac6/SystemWorkbench.app/Contents/Eclipse/plugins/fr.ac6.mcu.externaltools.arm-none.macos64_1.16.0.201807130628/tools/compiler/bin/../lib/gcc/arm-none-eabi/7.2.1/thumb/v7e-m/fpv4-sp/hard/libgcc.a(_aeabi_uldivmod.o)
                0x0000000008000bd8                __aeabi_uldivmod
 .text          0x0000000008000c08      0x2cc /Applications/Ac6/SystemWorkbench.app/Contents/Eclipse/plugins/fr.ac6.mcu.externaltools.arm-none.macos64_1.16.0.201807130628/tools/compiler/bin/../lib/gcc/arm-none-eabi/7.2.1/thumb/v7e-m/fpv4-sp/hard/libgcc.a(_udivmoddi4.o)
                0x0000000008000c08                __udivmoddi4
 .text          0x0000000008000ed4        0x4 /Applications/Ac6/SystemWorkbench.app/Contents/Eclipse/plugins/fr.ac6.mcu.externaltools.arm-none.macos64_1.16.0.201807130628/tools/compiler/bin/../lib/gcc/arm-none-eabi/7.2.1/thumb/v7e-m/fpv4-sp/hard/libgcc.a(_dvmd_tls.o)
                0x0000000008000ed4                __aeabi_ldiv0
                0x0000000008000ed4                __aeabi_idiv0
 .text          0x0000000008000ed8       0x10 /Applications/Ac6/SystemWorkbench.app/Contents/Eclipse/plugins/fr.ac6.mcu.externaltools.arm-none.macos64_1.16.0.201807130628/tools/compiler/bin/../lib/gcc/arm-none-eabi/7.2.1/../../../../arm-none-eabi/lib/thumb/v7e-m/fpv4-sp/hard/libc_nano.a(lib_a-strlen.o)
                0x0000000008000ed8                strlen
 *fill*         0x0000000008000ee8        0x8 
 .text          0x0000000008000ef0       0xa0 /Applications/Ac6/SystemWorkbench.app/Contents/Eclipse/plugins/fr.ac6.mcu.externaltools.arm-none.macos64_1.16.0.201807130628/tools/compiler/bin/../lib/gcc/arm-none-eabi/7.2.1/../../../../arm-none-eabi/lib/thumb/v7e-m/fpv4-sp/hard/libc_nano.a(lib_a-memchr.o)
                0x0000000008000ef0                memchr
 *(.text*)
 .text.at_hash  0x0000000008000f90       0x1a Drivers/ATParser/at_parser.o
                0x0000000008000f90                at_hash
 *fill*         0x0000000008000faa        0x2 
 .text.at_register_command
                0x0000000008000fac       0x4c Drivers/ATParser/at_parser.o
                0x0000000008000fac                at_register_command
 .text.at_execute_command
                0x0000000008000ff8       0xa8 Drivers/ATParser/at_parser.o
                0x0000000008000ff8                at_execute_command
 .text.at_parse_line
                0x00000000080010a0       0xfc Drivers/ATParser/at_parser.o
                0x00000000080010a0                at_parse_line
 .text.ms_strlen
                0x000000000800119c       0x14 Drivers/ATParser/my_string.o
                0x000000000800119c                ms_strlen
 .text.ms_str_equal
                0x00000000080011b0       0x22 Drivers/ATParser/my_string.o
                0x00000000080011b0                ms_str_equal
 .text.ms_str_find
                0x00000000080011d2       0x4a Drivers/ATParser/my_string.o
                0x00000000080011d2                ms_str_find
 .text.ms_array_slice_to_string
                0x000000000800121c       0x1e Drivers/ATParser/my_string.o
                0x000000000800121c                ms_array_slice_to_string
 *fill*         0x000000000800123a        0x2 
 .text.BMP280_I2C_Read
                0x000000000800123c       0x2c Drivers/BMP280/BMP280.o
 .text.BMP280_I2C_Write
                0x0000000008001268       0x2c Drivers/BMP280/BMP280.o
 .text.BMP280_read_uncomp_temperature
                0x0000000008001294       0x4c Drivers/BMP280/BMP280.o
                0x0000000008001294                BMP280_read_uncomp_temperature
 .text.BMP280_read_uncomp_pressure
                0x00000000080012e0       0x4c Drivers/BMP280/BMP280.o
                0x00000000080012e0                BMP280_read_uncomp_pressure
 .text.BMP280_get_calib_param
                0x000000000800132c       0xe4 Drivers/BMP280/BMP280.o
                0x000000000800132c                BMP280_get_calib_param
 .text.BMP280_init
                0x0000000008001410       0x80 Drivers/BMP280/BMP280.o
                0x0000000008001410                BMP280_init
 .text.BMP280_set_power_mode
                0x0000000008001490       0x5c Drivers/BMP280/BMP280.o
                0x0000000008001490                BMP280_set_power_mode
 .text.BMP280_set_standby_durn
                0x00000000080014ec       0x5c Drivers/BMP280/BMP280.o
                0x00000000080014ec                BMP280_set_standby_durn
 .text.BMP280_set_work_mode
                0x0000000008001548       0xe0 Drivers/BMP280/BMP280.o
                0x0000000008001548                BMP280_set_work_mode
 .text.BMP280_compensate_temperature_double
                0x0000000008001628       0xe0 Drivers/BMP280/BMP280.o
                0x0000000008001628                BMP280_compensate_temperature_double
 .text.BMP280_compensate_pressure_double
                0x0000000008001708      0x234 Drivers/BMP280/BMP280.o
                0x0000000008001708                BMP280_compensate_pressure_double
 .text.BMP280_read_temperature_double
                0x000000000800193c       0x34 Drivers/BMP280/BMP280.o
                0x000000000800193c                BMP280_read_temperature_double
 .text.BMP280_read_pressure_double
                0x0000000008001970       0x34 Drivers/BMP280/BMP280.o
                0x0000000008001970                BMP280_read_pressure_double
 *fill*         0x00000000080019a4        0x4 
 .text.BMP280_calculate_altitude
                0x00000000080019a8       0x7c Drivers/BMP280/BMP280.o
                0x00000000080019a8                BMP280_calculate_altitude
 .text.HAL_Init
                0x0000000008001a24       0x34 Drivers/STM32F4xx_HAL_Driver/Src/stm32f4xx_hal.o
                0x0000000008001a24                HAL_Init
 .text.HAL_IncTick
                0x0000000008001a58       0x18 Drivers/STM32F4xx_HAL_Driver/Src/stm32f4xx_hal.o
                0x0000000008001a58                HAL_IncTick
 .text.HAL_GetTick
                0x0000000008001a70        0xc Drivers/STM32F4xx_HAL_Driver/Src/stm32f4xx_hal.o
                0x0000000008001a70                HAL_GetTick
 .text.HAL_Delay
                0x0000000008001a7c       0x28 Drivers/STM32F4xx_HAL_Driver/Src/stm32f4xx_hal.o
                0x0000000008001a7c                HAL_Delay
 .text.HAL_NVIC_SetPriorityGrouping
                0x0000000008001aa4       0x24 Drivers/STM32F4xx_HAL_Driver/Src/stm32f4xx_hal_cortex.o
                0x0000000008001aa4                HAL_NVIC_SetPriorityGrouping
 .text.HAL_NVIC_SetPriority
                0x0000000008001ac8       0x68 Drivers/STM32F4xx_HAL_Driver/Src/stm32f4xx_hal_cortex.o
                0x0000000008001ac8                HAL_NVIC_SetPriority
 .text.HAL_NVIC_EnableIRQ
                0x0000000008001b30       0x18 Drivers/STM32F4xx_HAL_Driver/Src/stm32f4xx_hal_cortex.o
                0x0000000008001b30                HAL_NVIC_EnableIRQ
 .text.HAL_SYSTICK_Config
                0x0000000008001b48       0x2c Drivers/STM32F4xx_HAL_Driver/Src/stm32f4xx_hal_cortex.o
                0x0000000008001b48                HAL_SYSTICK_Config
 .text.HAL_SYSTICK_CLKSourceConfig
                0x0000000008001b74       0x20 Drivers/STM32F4xx_HAL_Driver/Src/stm32f4xx_hal_cortex.o
                0x0000000008001b74                HAL_SYSTICK_CLKSourceConfig
 .text.DMA_SetConfig
                0x0000000008001b94       0x2c Drivers/STM32F4xx_HAL_Driver/Src/stm32f4xx_hal_dma.o
 .text.DMA_CalcBaseAndBitshift
                0x0000000008001bc0       0x3c Drivers/STM32F4xx_HAL_Driver/Src/stm32f4xx_hal_dma.o
 .text.DMA_CheckFifoParam
                0x0000000008001bfc       0x8e Drivers/STM32F4xx_HAL_Driver/Src/stm32f4xx_hal_dma.o
 *fill*         0x0000000008001c8a        0x2 
 .text.HAL_DMA_Init
                0x0000000008001c8c       0xcc Drivers/STM32F4xx_HAL_Driver/Src/stm32f4xx_hal_dma.o
                0x0000000008001c8c                HAL_DMA_Init
 .text.HAL_DMA_Start_IT
                0x0000000008001d58       0x74 Drivers/STM32F4xx_HAL_Driver/Src/stm32f4xx_hal_dma.o
                0x0000000008001d58                HAL_DMA_Start_IT
 .text.HAL_DMA_IRQHandler
                0x0000000008001dcc      0x1dc Drivers/STM32F4xx_HAL_Driver/Src/stm32f4xx_hal_dma.o
                0x0000000008001dcc                HAL_DMA_IRQHandler
 .text.HAL_GPIO_Init
                0x0000000008001fa8      0x1bc Drivers/STM32F4xx_HAL_Driver/Src/stm32f4xx_hal_gpio.o
                0x0000000008001fa8                HAL_GPIO_Init
 .text.HAL_GPIO_WritePin
                0x0000000008002164        0xc Drivers/STM32F4xx_HAL_Driver/Src/stm32f4xx_hal_gpio.o
                0x0000000008002164                HAL_GPIO_WritePin
 .text.I2C_IsAcknowledgeFailed
                0x0000000008002170       0x2a Drivers/STM32F4xx_HAL_Driver/Src/stm32f4xx_hal_i2c.o
 .text.I2C_WaitOnFlagUntilTimeout
                0x000000000800219a       0x68 Drivers/STM32F4xx_HAL_Driver/Src/stm32f4xx_hal_i2c.o
 .text.I2C_WaitOnMasterAddressFlagUntilTimeout
                0x0000000008002202       0x90 Drivers/STM32F4xx_HAL_Driver/Src/stm32f4xx_hal_i2c.o
 .text.I2C_WaitOnTXEFlagUntilTimeout
                0x0000000008002292       0x4e Drivers/STM32F4xx_HAL_Driver/Src/stm32f4xx_hal_i2c.o
 .text.I2C_RequestMemoryWrite
                0x00000000080022e0       0xd8 Drivers/STM32F4xx_HAL_Driver/Src/stm32f4xx_hal_i2c.o
 .text.I2C_RequestMemoryRead
                0x00000000080023b8      0x148 Drivers/STM32F4xx_HAL_Driver/Src/stm32f4xx_hal_i2c.o
 .text.I2C_WaitOnBTFFlagUntilTimeout
                0x0000000008002500       0x4e Drivers/STM32F4xx_HAL_Driver/Src/stm32f4xx_hal_i2c.o
 .text.I2C_WaitOnRXNEFlagUntilTimeout
                0x000000000800254e       0x5c Drivers/STM32F4xx_HAL_Driver/Src/stm32f4xx_hal_i2c.o
 *fill*         0x00000000080025aa        0x2 
 .text.HAL_I2C_Init
                0x00000000080025ac      0x11c Drivers/STM32F4xx_HAL_Driver/Src/stm32f4xx_hal_i2c.o
                0x00000000080025ac                HAL_I2C_Init
 .text.HAL_I2C_Mem_Write
                0x00000000080026c8      0x17c Drivers/STM32F4xx_HAL_Driver/Src/stm32f4xx_hal_i2c.o
                0x00000000080026c8                HAL_I2C_Mem_Write
 .text.HAL_I2C_Mem_Read
                0x0000000008002844      0x2e8 Drivers/STM32F4xx_HAL_Driver/Src/stm32f4xx_hal_i2c.o
                0x0000000008002844                HAL_I2C_Mem_Read
 .text.HAL_PWREx_EnableOverDrive
                0x0000000008002b2c       0x80 Drivers/STM32F4xx_HAL_Driver/Src/stm32f4xx_hal_pwr_ex.o
                0x0000000008002b2c                HAL_PWREx_EnableOverDrive
 .text.HAL_RCC_ClockConfig
                0x0000000008002bac      0x158 Drivers/STM32F4xx_HAL_Driver/Src/stm32f4xx_hal_rcc.o
                0x0000000008002bac                HAL_RCC_ClockConfig
 .text.HAL_RCC_GetHCLKFreq
                0x0000000008002d04        0xc Drivers/STM32F4xx_HAL_Driver/Src/stm32f4xx_hal_rcc.o
                0x0000000008002d04                HAL_RCC_GetHCLKFreq
 .text.HAL_RCC_GetPCLK1Freq
                0x0000000008002d10       0x20 Drivers/STM32F4xx_HAL_Driver/Src/stm32f4xx_hal_rcc.o
                0x0000000008002d10                HAL_RCC_GetPCLK1Freq
 .text.HAL_RCC_GetPCLK2Freq
                0x0000000008002d30       0x20 Drivers/STM32F4xx_HAL_Driver/Src/stm32f4xx_hal_rcc.o
                0x0000000008002d30                HAL_RCC_GetPCLK2Freq
 .text.HAL_RCC_GetClockConfig
                0x0000000008002d50       0x3c Drivers/STM32F4xx_HAL_Driver/Src/stm32f4xx_hal_rcc.o
                0x0000000008002d50                HAL_RCC_GetClockConfig
 .text.HAL_RCC_GetSysClockFreq
                0x0000000008002d8c      0x184 Drivers/STM32F4xx_HAL_Driver/Src/stm32f4xx_hal_rcc_ex.o
                0x0000000008002d8c                HAL_RCC_GetSysClockFreq
 .text.HAL_RCC_OscConfig
                0x0000000008002f10      0x3c4 Drivers/STM32F4xx_HAL_Driver/Src/stm32f4xx_hal_rcc_ex.o
                0x0000000008002f10                HAL_RCC_OscConfig
 .text.HAL_TIM_Base_MspInit
                0x00000000080032d4        0x2 Drivers/STM32F4xx_HAL_Driver/Src/stm32f4xx_hal_tim.o
                0x00000000080032d4                HAL_TIM_Base_MspInit
 .text.HAL_TIM_Base_Start_IT
                0x00000000080032d6       0x18 Drivers/STM32F4xx_HAL_Driver/Src/stm32f4xx_hal_tim.o
                0x00000000080032d6                HAL_TIM_Base_Start_IT
 .text.HAL_TIM_OC_DelayElapsedCallback
                0x00000000080032ee        0x2 Drivers/STM32F4xx_HAL_Driver/Src/stm32f4xx_hal_tim.o
                0x00000000080032ee                HAL_TIM_OC_DelayElapsedCallback
 .text.HAL_TIM_IC_CaptureCallback
                0x00000000080032f0        0x2 Drivers/STM32F4xx_HAL_Driver/Src/stm32f4xx_hal_tim.o
                0x00000000080032f0                HAL_TIM_IC_CaptureCallback
 .text.HAL_TIM_PWM_PulseFinishedCallback
                0x00000000080032f2        0x2 Drivers/STM32F4xx_HAL_Driver/Src/stm32f4xx_hal_tim.o
                0x00000000080032f2                HAL_TIM_PWM_PulseFinishedCallback
 .text.HAL_TIM_TriggerCallback
                0x00000000080032f4        0x2 Drivers/STM32F4xx_HAL_Driver/Src/stm32f4xx_hal_tim.o
                0x00000000080032f4                HAL_TIM_TriggerCallback
 .text.HAL_TIM_IRQHandler
                0x00000000080032f6      0x17a Drivers/STM32F4xx_HAL_Driver/Src/stm32f4xx_hal_tim.o
                0x00000000080032f6                HAL_TIM_IRQHandler
 .text.TIM_Base_SetConfig
                0x0000000008003470       0xc0 Drivers/STM32F4xx_HAL_Driver/Src/stm32f4xx_hal_tim.o
                0x0000000008003470                TIM_Base_SetConfig
 .text.HAL_TIM_Base_Init
                0x0000000008003530       0x32 Drivers/STM32F4xx_HAL_Driver/Src/stm32f4xx_hal_tim.o
                0x0000000008003530                HAL_TIM_Base_Init
 .text.HAL_TIMEx_CommutationCallback
                0x0000000008003562        0x2 Drivers/STM32F4xx_HAL_Driver/Src/stm32f4xx_hal_tim_ex.o
                0x0000000008003562                HAL_TIMEx_CommutationCallback
 .text.HAL_TIMEx_BreakCallback
                0x0000000008003564        0x2 Drivers/STM32F4xx_HAL_Driver/Src/stm32f4xx_hal_tim_ex.o
                0x0000000008003564                HAL_TIMEx_BreakCallback
 .text.UART_EndTxTransfer
                0x0000000008003566       0x12 Drivers/STM32F4xx_HAL_Driver/Src/stm32f4xx_hal_uart.o
 .text.UART_EndRxTransfer
                0x0000000008003578       0x1c Drivers/STM32F4xx_HAL_Driver/Src/stm32f4xx_hal_uart.o
 .text.UART_SetConfig
                0x0000000008003594      0x334 Drivers/STM32F4xx_HAL_Driver/Src/stm32f4xx_hal_uart.o
 .text.UART_WaitOnFlagUntilTimeout
                0x00000000080038c8       0x62 Drivers/STM32F4xx_HAL_Driver/Src/stm32f4xx_hal_uart.o
 .text.HAL_UART_Init
                0x000000000800392a       0x5e Drivers/STM32F4xx_HAL_Driver/Src/stm32f4xx_hal_uart.o
                0x000000000800392a                HAL_UART_Init
 .text.HAL_UART_Transmit
                0x0000000008003988       0xe0 Drivers/STM32F4xx_HAL_Driver/Src/stm32f4xx_hal_uart.o
                0x0000000008003988                HAL_UART_Transmit
 .text.HAL_UART_Receive_DMA
                0x0000000008003a68       0xa8 Drivers/STM32F4xx_HAL_Driver/Src/stm32f4xx_hal_uart.o
                0x0000000008003a68                HAL_UART_Receive_DMA
 .text.HAL_UART_RxCpltCallback
                0x0000000008003b10        0x2 Drivers/STM32F4xx_HAL_Driver/Src/stm32f4xx_hal_uart.o
                0x0000000008003b10                HAL_UART_RxCpltCallback
 .text.UART_DMAReceiveCplt
                0x0000000008003b12       0x3e Drivers/STM32F4xx_HAL_Driver/Src/stm32f4xx_hal_uart.o
 .text.HAL_UART_RxHalfCpltCallback
                0x0000000008003b50        0x2 Drivers/STM32F4xx_HAL_Driver/Src/stm32f4xx_hal_uart.o
                0x0000000008003b50                HAL_UART_RxHalfCpltCallback
 .text.UART_DMARxHalfCplt
                0x0000000008003b52        0xa Drivers/STM32F4xx_HAL_Driver/Src/stm32f4xx_hal_uart.o
 .text.HAL_UART_ErrorCallback
                0x0000000008003b5c        0x2 Drivers/STM32F4xx_HAL_Driver/Src/stm32f4xx_hal_uart.o
                0x0000000008003b5c                HAL_UART_ErrorCallback
 .text.UART_DMAError
                0x0000000008003b5e       0x58 Drivers/STM32F4xx_HAL_Driver/Src/stm32f4xx_hal_uart.o
 *fill*         0x0000000008003bb6        0x2 
 .text.GPIO_Init
                0x0000000008003bb8       0xdc Drivers/display/lcd.o
                0x0000000008003bb8                GPIO_Init
 .text.LCD_DrawPixel
                0x0000000008003c94      0x5dc Drivers/display/lcd.o
                0x0000000008003c94                LCD_DrawPixel
 .text.LCD_Flood
                0x0000000008004270      0x378 Drivers/display/lcd.o
                0x0000000008004270                LCD_Flood
 .text.LCD_FillScreen
                0x00000000080045e8      0x360 Drivers/display/lcd.o
                0x00000000080045e8                LCD_FillScreen
 .text.LCD_Reset
                0x0000000008004948       0xc4 Drivers/display/lcd.o
                0x0000000008004948                LCD_Reset
 .text.LCD_SetAddrWindow
                0x0000000008004a0c      0xbf0 Drivers/display/lcd.o
                0x0000000008004a0c                LCD_SetAddrWindow
 .text.LCD_SetRotation
                0x00000000080055fc      0x1ec Drivers/display/lcd.o
                0x00000000080055fc                LCD_SetRotation
 .text.LCD_DrawChar
                0x00000000080057e8      0x10c Drivers/display/lcd.o
                0x00000000080057e8                LCD_DrawChar
 .text.LCD_Printf
                0x00000000080058f4       0xfc Drivers/display/lcd.o
                0x00000000080058f4                LCD_Printf
 .text.LCD_SetCursor
                0x00000000080059f0       0x10 Drivers/display/lcd.o
                0x00000000080059f0                LCD_SetCursor
 .text.LCD_SetTextSize
                0x0000000008005a00       0x18 Drivers/display/lcd.o
                0x0000000008005a00                LCD_SetTextSize
 .text.LCD_SetTextColor
                0x0000000008005a18       0x10 Drivers/display/lcd.o
                0x0000000008005a18                LCD_SetTextColor
 .text.LCD_Init
                0x0000000008005a28      0x2f0 Drivers/display/lcd.o
                0x0000000008005a28                LCD_Init
 .text.RingBuffer_DMA_Count
                0x0000000008005d18       0x1e Drivers/ringbuffer_dma/ringbuffer_dma.o
                0x0000000008005d18                RingBuffer_DMA_Count
 .text.RingBuffer_DMA_GetByte
                0x0000000008005d36       0x32 Drivers/ringbuffer_dma/ringbuffer_dma.o
                0x0000000008005d36                RingBuffer_DMA_GetByte
 .text.RingBuffer_DMA_Init
                0x0000000008005d68        0xa Drivers/ringbuffer_dma/ringbuffer_dma.o
                0x0000000008005d68                RingBuffer_DMA_Init
 .text.makeFreeRtosPriority
                0x0000000008005d72        0xc Middlewares/Third_Party/FreeRTOS/Source/CMSIS_RTOS/cmsis_os.o
 .text.inHandlerMode
                0x0000000008005d7e        0xc Middlewares/Third_Party/FreeRTOS/Source/CMSIS_RTOS/cmsis_os.o
 .text.osKernelStart
                0x0000000008005d8a        0xa Middlewares/Third_Party/FreeRTOS/Source/CMSIS_RTOS/cmsis_os.o
                0x0000000008005d8a                osKernelStart
 .text.osThreadCreate
                0x0000000008005d94       0x34 Middlewares/Third_Party/FreeRTOS/Source/CMSIS_RTOS/cmsis_os.o
                0x0000000008005d94                osThreadCreate
 .text.osThreadYield
                0x0000000008005dc8       0x18 Middlewares/Third_Party/FreeRTOS/Source/CMSIS_RTOS/cmsis_os.o
                0x0000000008005dc8                osThreadYield
 .text.osDelay  0x0000000008005de0       0x12 Middlewares/Third_Party/FreeRTOS/Source/CMSIS_RTOS/cmsis_os.o
                0x0000000008005de0                osDelay
 .text.osMutexCreate
                0x0000000008005df2        0xa Middlewares/Third_Party/FreeRTOS/Source/CMSIS_RTOS/cmsis_os.o
                0x0000000008005df2                osMutexCreate
 .text.osMutexWait
                0x0000000008005dfc       0x74 Middlewares/Third_Party/FreeRTOS/Source/CMSIS_RTOS/cmsis_os.o
                0x0000000008005dfc                osMutexWait
 .text.osMutexRelease
                0x0000000008005e70       0x5c Middlewares/Third_Party/FreeRTOS/Source/CMSIS_RTOS/cmsis_os.o
                0x0000000008005e70                osMutexRelease
 .text.osPoolCreate
                0x0000000008005ecc       0x68 Middlewares/Third_Party/FreeRTOS/Source/CMSIS_RTOS/cmsis_os.o
                0x0000000008005ecc                osPoolCreate
 .text.osPoolAlloc
                0x0000000008005f34       0x6c Middlewares/Third_Party/FreeRTOS/Source/CMSIS_RTOS/cmsis_os.o
                0x0000000008005f34                osPoolAlloc
 .text.osPoolFree
                0x0000000008005fa0       0x40 Middlewares/Third_Party/FreeRTOS/Source/CMSIS_RTOS/cmsis_os.o
                0x0000000008005fa0                osPoolFree
 .text.osMailCreate
                0x0000000008005fe0       0x66 Middlewares/Third_Party/FreeRTOS/Source/CMSIS_RTOS/cmsis_os.o
                0x0000000008005fe0                osMailCreate
 .text.osMailAlloc
                0x0000000008006046       0x10 Middlewares/Third_Party/FreeRTOS/Source/CMSIS_RTOS/cmsis_os.o
                0x0000000008006046                osMailAlloc
 *fill*         0x0000000008006056        0x2 
 .text.osMailPut
                0x0000000008006058       0x68 Middlewares/Third_Party/FreeRTOS/Source/CMSIS_RTOS/cmsis_os.o
                0x0000000008006058                osMailPut
 .text.osMailGet
                0x00000000080060c0       0x9c Middlewares/Third_Party/FreeRTOS/Source/CMSIS_RTOS/cmsis_os.o
                0x00000000080060c0                osMailGet
 .text.osMailFree
                0x000000000800615c       0x10 Middlewares/Third_Party/FreeRTOS/Source/CMSIS_RTOS/cmsis_os.o
                0x000000000800615c                osMailFree
 .text.osSystickHandler
                0x000000000800616c       0x10 Middlewares/Third_Party/FreeRTOS/Source/CMSIS_RTOS/cmsis_os.o
                0x000000000800616c                osSystickHandler
 .text.vListInitialise
                0x000000000800617c       0x16 Middlewares/Third_Party/FreeRTOS/Source/list.o
                0x000000000800617c                vListInitialise
 .text.vListInitialiseItem
                0x0000000008006192        0x6 Middlewares/Third_Party/FreeRTOS/Source/list.o
                0x0000000008006192                vListInitialiseItem
 .text.vListInsertEnd
                0x0000000008006198       0x18 Middlewares/Third_Party/FreeRTOS/Source/list.o
                0x0000000008006198                vListInsertEnd
 .text.vListInsert
                0x00000000080061b0       0x34 Middlewares/Third_Party/FreeRTOS/Source/list.o
                0x00000000080061b0                vListInsert
 .text.uxListRemove
                0x00000000080061e4       0x26 Middlewares/Third_Party/FreeRTOS/Source/list.o
                0x00000000080061e4                uxListRemove
 .text.prvIsQueueFull
                0x000000000800620a       0x1e Middlewares/Third_Party/FreeRTOS/Source/queue.o
 .text.prvIsQueueEmpty
                0x0000000008006228       0x1a Middlewares/Third_Party/FreeRTOS/Source/queue.o
 .text.prvCopyDataToQueue
                0x0000000008006242       0x76 Middlewares/Third_Party/FreeRTOS/Source/queue.o
 .text.prvCopyDataFromQueue
                0x00000000080062b8       0x24 Middlewares/Third_Party/FreeRTOS/Source/queue.o
 .text.prvUnlockQueue
                0x00000000080062dc       0x6e Middlewares/Third_Party/FreeRTOS/Source/queue.o
 *fill*         0x000000000800634a        0x2 
 .text.xQueueGenericReset
                0x000000000800634c       0x84 Middlewares/Third_Party/FreeRTOS/Source/queue.o
                0x000000000800634c                xQueueGenericReset
 .text.prvInitialiseNewQueue
                0x00000000080063d0       0x1c Middlewares/Third_Party/FreeRTOS/Source/queue.o
 .text.xQueueGenericCreate
                0x00000000080063ec       0x48 Middlewares/Third_Party/FreeRTOS/Source/queue.o
                0x00000000080063ec                xQueueGenericCreate
 .text.xQueueGenericSend
                0x0000000008006434      0x17c Middlewares/Third_Party/FreeRTOS/Source/queue.o
                0x0000000008006434                xQueueGenericSend
 .text.prvInitialiseMutex
                0x00000000080065b0       0x18 Middlewares/Third_Party/FreeRTOS/Source/queue.o
 .text.xQueueCreateMutex
                0x00000000080065c8       0x16 Middlewares/Third_Party/FreeRTOS/Source/queue.o
                0x00000000080065c8                xQueueCreateMutex
 .text.xQueueGenericSendFromISR
                0x00000000080065de       0xcc Middlewares/Third_Party/FreeRTOS/Source/queue.o
                0x00000000080065de                xQueueGenericSendFromISR
 .text.xQueueGiveFromISR
                0x00000000080066aa       0xb2 Middlewares/Third_Party/FreeRTOS/Source/queue.o
                0x00000000080066aa                xQueueGiveFromISR
 .text.xQueueGenericReceive
                0x000000000800675c      0x1a4 Middlewares/Third_Party/FreeRTOS/Source/queue.o
                0x000000000800675c                xQueueGenericReceive
 .text.xQueueReceiveFromISR
                0x0000000008006900       0xaa Middlewares/Third_Party/FreeRTOS/Source/queue.o
                0x0000000008006900                xQueueReceiveFromISR
 *fill*         0x00000000080069aa        0x2 
 .text.prvResetNextTaskUnblockTime
                0x00000000080069ac       0x24 Middlewares/Third_Party/FreeRTOS/Source/tasks.o
 .text.prvDeleteTCB
                0x00000000080069d0       0x12 Middlewares/Third_Party/FreeRTOS/Source/tasks.o
 .text.prvInitialiseNewTask
                0x00000000080069e2       0x80 Middlewares/Third_Party/FreeRTOS/Source/tasks.o
 *fill*         0x0000000008006a62        0x2 
 .text.prvInitialiseTaskLists
                0x0000000008006a64       0x58 Middlewares/Third_Party/FreeRTOS/Source/tasks.o
 .text.prvAddNewTaskToReadyList
                0x0000000008006abc       0xac Middlewares/Third_Party/FreeRTOS/Source/tasks.o
 .text.prvAddCurrentTaskToDelayedList
                0x0000000008006b68       0x88 Middlewares/Third_Party/FreeRTOS/Source/tasks.o
 .text.xTaskCreate
                0x0000000008006bf0       0x62 Middlewares/Third_Party/FreeRTOS/Source/tasks.o
                0x0000000008006bf0                xTaskCreate
 *fill*         0x0000000008006c52        0x2 
 .text.vTaskStartScheduler
                0x0000000008006c54       0x74 Middlewares/Third_Party/FreeRTOS/Source/tasks.o
                0x0000000008006c54                vTaskStartScheduler
 .text.vTaskSuspendAll
                0x0000000008006cc8       0x14 Middlewares/Third_Party/FreeRTOS/Source/tasks.o
                0x0000000008006cc8                vTaskSuspendAll
 .text.xTaskIncrementTick
                0x0000000008006cdc      0x10c Middlewares/Third_Party/FreeRTOS/Source/tasks.o
                0x0000000008006cdc                xTaskIncrementTick
 .text.xTaskResumeAll
                0x0000000008006de8       0xf0 Middlewares/Third_Party/FreeRTOS/Source/tasks.o
                0x0000000008006de8                xTaskResumeAll
 .text.vTaskDelay
                0x0000000008006ed8       0x4c Middlewares/Third_Party/FreeRTOS/Source/tasks.o
                0x0000000008006ed8                vTaskDelay
 .text.prvCheckTasksWaitingTermination
                0x0000000008006f24       0x54 Middlewares/Third_Party/FreeRTOS/Source/tasks.o
 .text.prvIdleTask
                0x0000000008006f78       0x28 Middlewares/Third_Party/FreeRTOS/Source/tasks.o
 .text.vTaskSwitchContext
                0x0000000008006fa0       0x90 Middlewares/Third_Party/FreeRTOS/Source/tasks.o
                0x0000000008006fa0                vTaskSwitchContext
 .text.vTaskPlaceOnEventList
                0x0000000008007030       0x34 Middlewares/Third_Party/FreeRTOS/Source/tasks.o
                0x0000000008007030                vTaskPlaceOnEventList
 .text.xTaskRemoveFromEventList
                0x0000000008007064       0x84 Middlewares/Third_Party/FreeRTOS/Source/tasks.o
                0x0000000008007064                xTaskRemoveFromEventList
 .text.vTaskSetTimeOutState
                0x00000000080070e8       0x28 Middlewares/Third_Party/FreeRTOS/Source/tasks.o
                0x00000000080070e8                vTaskSetTimeOutState
 .text.xTaskCheckForTimeOut
                0x0000000008007110       0x80 Middlewares/Third_Party/FreeRTOS/Source/tasks.o
                0x0000000008007110                xTaskCheckForTimeOut
 .text.vTaskMissedYield
                0x0000000008007190       0x10 Middlewares/Third_Party/FreeRTOS/Source/tasks.o
                0x0000000008007190                vTaskMissedYield
 .text.xTaskGetSchedulerState
                0x00000000080071a0       0x20 Middlewares/Third_Party/FreeRTOS/Source/tasks.o
                0x00000000080071a0                xTaskGetSchedulerState
 .text.vTaskPriorityInherit
                0x00000000080071c0       0xac Middlewares/Third_Party/FreeRTOS/Source/tasks.o
                0x00000000080071c0                vTaskPriorityInherit
 .text.xTaskPriorityDisinherit
                0x000000000800726c       0xb0 Middlewares/Third_Party/FreeRTOS/Source/tasks.o
                0x000000000800726c                xTaskPriorityDisinherit
 .text.pvTaskIncrementMutexHeldCount
                0x000000000800731c       0x20 Middlewares/Third_Party/FreeRTOS/Source/tasks.o
                0x000000000800731c                pvTaskIncrementMutexHeldCount
 .text.prvTaskExitError
                0x000000000800733c       0x34 Middlewares/Third_Party/FreeRTOS/Source/portable/GCC/ARM_CM4F/port.o
 .text.prvPortStartFirstTask
                0x0000000008007370       0x20 Middlewares/Third_Party/FreeRTOS/Source/portable/GCC/ARM_CM4F/port.o
 .text.vPortEnableVFP
                0x0000000008007390       0x14 Middlewares/Third_Party/FreeRTOS/Source/portable/GCC/ARM_CM4F/port.o
 .text.pxPortInitialiseStack
                0x00000000080073a4       0x2c Middlewares/Third_Party/FreeRTOS/Source/portable/GCC/ARM_CM4F/port.o
                0x00000000080073a4                pxPortInitialiseStack
 .text.SVC_Handler
                0x00000000080073d0       0x24 Middlewares/Third_Party/FreeRTOS/Source/portable/GCC/ARM_CM4F/port.o
                0x00000000080073d0                SVC_Handler
 .text.vPortEnterCritical
                0x00000000080073f4       0x44 Middlewares/Third_Party/FreeRTOS/Source/portable/GCC/ARM_CM4F/port.o
                0x00000000080073f4                vPortEnterCritical
 .text.vPortExitCritical
                0x0000000008007438       0x2c Middlewares/Third_Party/FreeRTOS/Source/portable/GCC/ARM_CM4F/port.o
                0x0000000008007438                vPortExitCritical
 *fill*         0x0000000008007464        0xc 
 .text.PendSV_Handler
                0x0000000008007470       0x64 Middlewares/Third_Party/FreeRTOS/Source/portable/GCC/ARM_CM4F/port.o
                0x0000000008007470                PendSV_Handler
 .text.xPortSysTickHandler
                0x00000000080074d4       0x2c Middlewares/Third_Party/FreeRTOS/Source/portable/GCC/ARM_CM4F/port.o
                0x00000000080074d4                xPortSysTickHandler
 .text.vPortSetupTimerInterrupt
                0x0000000008007500       0x2c Middlewares/Third_Party/FreeRTOS/Source/portable/GCC/ARM_CM4F/port.o
                0x0000000008007500                vPortSetupTimerInterrupt
 .text.xPortStartScheduler
                0x000000000800752c       0xe8 Middlewares/Third_Party/FreeRTOS/Source/portable/GCC/ARM_CM4F/port.o
                0x000000000800752c                xPortStartScheduler
 .text.vPortValidateInterruptPriority
                0x0000000008007614       0x58 Middlewares/Third_Party/FreeRTOS/Source/portable/GCC/ARM_CM4F/port.o
                0x0000000008007614                vPortValidateInterruptPriority
 .text.prvHeapInit
                0x000000000800766c       0x4c Middlewares/Third_Party/FreeRTOS/Source/portable/MemMang/heap_4.o
 .text.prvInsertBlockIntoFreeList
                0x00000000080076b8       0x54 Middlewares/Third_Party/FreeRTOS/Source/portable/MemMang/heap_4.o
 .text.pvPortMalloc
                0x000000000800770c       0xf4 Middlewares/Third_Party/FreeRTOS/Source/portable/MemMang/heap_4.o
                0x000000000800770c                pvPortMalloc
 .text.vPortFree
                0x0000000008007800       0x6c Middlewares/Third_Party/FreeRTOS/Source/portable/MemMang/heap_4.o
                0x0000000008007800                vPortFree
 .text.MX_DMA_Init
                0x000000000800786c       0x34 Src/dma.o
                0x000000000800786c                MX_DMA_Init
 .text.execStartTransferWeather
                0x00000000080078a0       0x10 Src/freertos.o
                0x00000000080078a0                execStartTransferWeather
 .text.execStopTransferWeather
                0x00000000080078b0        0xc Src/freertos.o
                0x00000000080078b0                execStopTransferWeather
 .text.StartUpdateDisplay
                0x00000000080078bc       0x68 Src/freertos.o
                0x00000000080078bc                StartUpdateDisplay
 .text.getTransferInterval
                0x0000000008007924       0x34 Src/freertos.o
                0x0000000008007924                getTransferInterval
 .text.setTransferInterval
                0x0000000008007958       0x24 Src/freertos.o
                0x0000000008007958                setTransferInterval
 .text.testTransferInterval
                0x000000000800797c       0x24 Src/freertos.o
                0x000000000800797c                testTransferInterval
 .text.MX_FREERTOS_Init
                0x00000000080079a0       0x94 Src/freertos.o
                0x00000000080079a0                MX_FREERTOS_Init
 .text.weatherData
                0x0000000008007a34       0x54 Src/freertos.o
                0x0000000008007a34                weatherData
 .text.isEmptyWeatherStruct
                0x0000000008007a88       0x44 Src/freertos.o
                0x0000000008007a88                isEmptyWeatherStruct
 .text.getTemp  0x0000000008007acc       0x50 Src/freertos.o
                0x0000000008007acc                getTemp
 .text.getPress
                0x0000000008007b1c       0x50 Src/freertos.o
                0x0000000008007b1c                getPress
 .text.getPrediction
                0x0000000008007b6c       0x4c Src/freertos.o
                0x0000000008007b6c                getPrediction
 .text.getWeather
                0x0000000008007bb8       0x5c Src/freertos.o
                0x0000000008007bb8                getWeather
 .text.Process_Command
                0x0000000008007c14       0x70 Src/freertos.o
                0x0000000008007c14                Process_Command
 .text.StartWaitCommand
                0x0000000008007c84      0x168 Src/freertos.o
                0x0000000008007c84                StartWaitCommand
 .text.savePressValue
                0x0000000008007dec       0x54 Src/freertos.o
                0x0000000008007dec                savePressValue
 .text.seaLevelPressure
                0x0000000008007e40       0x8c Src/freertos.o
                0x0000000008007e40                seaLevelPressure
 .text.StartReadSensor
                0x0000000008007ecc      0x1b0 Src/freertos.o
                0x0000000008007ecc                StartReadSensor
 .text.MX_GPIO_Init
                0x000000000800807c       0xa0 Src/gpio.o
                0x000000000800807c                MX_GPIO_Init
 .text.MX_I2C1_Init
                0x000000000800811c       0x44 Src/i2c.o
                0x000000000800811c                MX_I2C1_Init
 .text.HAL_I2C_MspInit
                0x0000000008008160       0x58 Src/i2c.o
                0x0000000008008160                HAL_I2C_MspInit
 .text.HAL_TIM_PeriodElapsedCallback
                0x00000000080081b8       0x18 Src/main.o
                0x00000000080081b8                HAL_TIM_PeriodElapsedCallback
 .text._Error_Handler
                0x00000000080081d0        0x2 Src/main.o
                0x00000000080081d0                _Error_Handler
 *fill*         0x00000000080081d2        0x2 
 .text.SystemClock_Config
                0x00000000080081d4       0xd4 Src/main.o
                0x00000000080081d4                SystemClock_Config
 .text.main     0x00000000080082a8       0x28 Src/main.o
                0x00000000080082a8                main
 .text.HAL_MspInit
                0x00000000080082d0       0x94 Src/stm32f4xx_hal_msp.o
                0x00000000080082d0                HAL_MspInit
 .text.HAL_InitTick
                0x0000000008008364       0x7c Src/stm32f4xx_hal_timebase_TIM.o
                0x0000000008008364                HAL_InitTick
 .text.NMI_Handler
                0x00000000080083e0        0x2 Src/stm32f4xx_it.o
                0x00000000080083e0                NMI_Handler
 .text.HardFault_Handler
                0x00000000080083e2        0x2 Src/stm32f4xx_it.o
                0x00000000080083e2                HardFault_Handler
 .text.MemManage_Handler
                0x00000000080083e4        0x2 Src/stm32f4xx_it.o
                0x00000000080083e4                MemManage_Handler
 .text.BusFault_Handler
                0x00000000080083e6        0x2 Src/stm32f4xx_it.o
                0x00000000080083e6                BusFault_Handler
 .text.UsageFault_Handler
                0x00000000080083e8        0x2 Src/stm32f4xx_it.o
                0x00000000080083e8                UsageFault_Handler
 .text.DebugMon_Handler
                0x00000000080083ea        0x2 Src/stm32f4xx_it.o
                0x00000000080083ea                DebugMon_Handler
 .text.SysTick_Handler
                0x00000000080083ec        0x8 Src/stm32f4xx_it.o
                0x00000000080083ec                SysTick_Handler
 .text.DMA1_Stream2_IRQHandler
                0x00000000080083f4       0x10 Src/stm32f4xx_it.o
                0x00000000080083f4                DMA1_Stream2_IRQHandler
 .text.TIM6_DAC_IRQHandler
                0x0000000008008404       0x10 Src/stm32f4xx_it.o
                0x0000000008008404                TIM6_DAC_IRQHandler
 .text.SystemInit
                0x0000000008008414       0x4c Src/system_stm32f4xx.o
                0x0000000008008414                SystemInit
 .text.MX_UART4_Init
                0x0000000008008460       0x3c Src/usart.o
                0x0000000008008460                MX_UART4_Init
 .text.MX_USART2_UART_Init
                0x000000000800849c       0x3c Src/usart.o
                0x000000000800849c                MX_USART2_UART_Init
 .text.HAL_UART_MspInit
                0x00000000080084d8       0xe0 Src/usart.o
                0x00000000080084d8                HAL_UART_MspInit
 .text.forecastDescription
                0x00000000080085b8       0xfc Src/weatherForecast.o
                0x00000000080085b8                forecastDescription
 .text.forecastType
                0x00000000080086b4       0x48 Src/weatherForecast.o
                0x00000000080086b4                forecastType
 .text.getTrend_text
                0x00000000080086fc       0xc8 Src/weatherForecast.o
                0x00000000080086fc                getTrend_text
 *fill*         0x00000000080087c4        0x4 
 .text.calcZambretti
                0x00000000080087c8      0x27c Src/weatherForecast.o
                0x00000000080087c8                calcZambretti
 .text.Reset_Handler
                0x0000000008008a44       0x50 startup/startup_stm32f446xx.o
                0x0000000008008a44                Reset_Handler
 .text.Default_Handler
                0x0000000008008a94        0x2 startup/startup_stm32f446xx.o
                0x0000000008008a94                FMPI2C1_Error_IRQHandler
                0x0000000008008a94                EXTI2_IRQHandler
                0x0000000008008a94                TIM8_CC_IRQHandler
                0x0000000008008a94                SPI4_IRQHandler
                0x0000000008008a94                TIM1_CC_IRQHandler
                0x0000000008008a94                DMA2_Stream5_IRQHandler
                0x0000000008008a94                DMA1_Stream5_IRQHandler
                0x0000000008008a94                PVD_IRQHandler
                0x0000000008008a94                SDIO_IRQHandler
                0x0000000008008a94                TAMP_STAMP_IRQHandler
                0x0000000008008a94                CAN2_RX1_IRQHandler
                0x0000000008008a94                EXTI3_IRQHandler
                0x0000000008008a94                TIM8_TRG_COM_TIM14_IRQHandler
                0x0000000008008a94                TIM1_UP_TIM10_IRQHandler
                0x0000000008008a94                TIM8_UP_TIM13_IRQHandler
                0x0000000008008a94                I2C3_ER_IRQHandler
                0x0000000008008a94                FMPI2C1_Event_IRQHandler
                0x0000000008008a94                EXTI0_IRQHandler
                0x0000000008008a94                I2C2_EV_IRQHandler
                0x0000000008008a94                CAN1_RX0_IRQHandler
                0x0000000008008a94                FPU_IRQHandler
                0x0000000008008a94                OTG_HS_WKUP_IRQHandler
                0x0000000008008a94                CAN2_SCE_IRQHandler
                0x0000000008008a94                DMA2_Stream2_IRQHandler
                0x0000000008008a94                SPI1_IRQHandler
                0x0000000008008a94                TIM1_BRK_TIM9_IRQHandler
                0x0000000008008a94                DCMI_IRQHandler
                0x0000000008008a94                CAN2_RX0_IRQHandler
                0x0000000008008a94                DMA2_Stream3_IRQHandler
                0x0000000008008a94                SAI2_IRQHandler
                0x0000000008008a94                USART6_IRQHandler
                0x0000000008008a94                USART3_IRQHandler
                0x0000000008008a94                CAN1_RX1_IRQHandler
                0x0000000008008a94                UART5_IRQHandler
                0x0000000008008a94                DMA2_Stream0_IRQHandler
                0x0000000008008a94                TIM4_IRQHandler
                0x0000000008008a94                QUADSPI_IRQHandler
                0x0000000008008a94                I2C1_EV_IRQHandler
                0x0000000008008a94                DMA1_Stream6_IRQHandler
                0x0000000008008a94                DMA1_Stream1_IRQHandler
                0x0000000008008a94                UART4_IRQHandler
                0x0000000008008a94                TIM3_IRQHandler
                0x0000000008008a94                RCC_IRQHandler
                0x0000000008008a94                TIM8_BRK_TIM12_IRQHandler
                0x0000000008008a94                Default_Handler
                0x0000000008008a94                CEC_IRQHandler
                0x0000000008008a94                EXTI15_10_IRQHandler
                0x0000000008008a94                ADC_IRQHandler
                0x0000000008008a94                DMA1_Stream7_IRQHandler
                0x0000000008008a94                TIM7_IRQHandler
                0x0000000008008a94                CAN2_TX_IRQHandler
                0x0000000008008a94                TIM5_IRQHandler
                0x0000000008008a94                DMA2_Stream7_IRQHandler
                0x0000000008008a94                I2C3_EV_IRQHandler
                0x0000000008008a94                EXTI9_5_IRQHandler
                0x0000000008008a94                RTC_WKUP_IRQHandler
                0x0000000008008a94                SPDIF_RX_IRQHandler
                0x0000000008008a94                SPI2_IRQHandler
                0x0000000008008a94                OTG_HS_EP1_IN_IRQHandler
                0x0000000008008a94                DMA1_Stream0_IRQHandler
                0x0000000008008a94                CAN1_TX_IRQHandler
                0x0000000008008a94                EXTI4_IRQHandler
                0x0000000008008a94                OTG_HS_EP1_OUT_IRQHandler
                0x0000000008008a94                WWDG_IRQHandler
                0x0000000008008a94                TIM2_IRQHandler
                0x0000000008008a94                OTG_FS_WKUP_IRQHandler
                0x0000000008008a94                TIM1_TRG_COM_TIM11_IRQHandler
                0x0000000008008a94                OTG_HS_IRQHandler
                0x0000000008008a94                EXTI1_IRQHandler
                0x0000000008008a94                USART2_IRQHandler
                0x0000000008008a94                I2C2_ER_IRQHandler
                0x0000000008008a94                DMA2_Stream1_IRQHandler
                0x0000000008008a94                CAN1_SCE_IRQHandler
                0x0000000008008a94                FLASH_IRQHandler
                0x0000000008008a94                DMA2_Stream4_IRQHandler
                0x0000000008008a94                USART1_IRQHandler
                0x0000000008008a94                OTG_FS_IRQHandler
                0x0000000008008a94                SPI3_IRQHandler
                0x0000000008008a94                DMA1_Stream4_IRQHandler
                0x0000000008008a94                I2C1_ER_IRQHandler
                0x0000000008008a94                FMC_IRQHandler
                0x0000000008008a94                DMA2_Stream6_IRQHandler
                0x0000000008008a94                SAI1_IRQHandler
                0x0000000008008a94                DMA1_Stream3_IRQHandler
                0x0000000008008a94                RTC_Alarm_IRQHandler
 *fill*         0x0000000008008a96        0x2 
 .text.round    0x0000000008008a98       0xa4 /Applications/Ac6/SystemWorkbench.app/Contents/Eclipse/plugins/fr.ac6.mcu.externaltools.arm-none.macos64_1.16.0.201807130628/tools/compiler/bin/../lib/gcc/arm-none-eabi/7.2.1/../../../../arm-none-eabi/lib/thumb/v7e-m/fpv4-sp/hard/libm.a(lib_a-s_round.o)
                0x0000000008008a98                round
 *fill*         0x0000000008008b3c        0x4 
 .text.pow      0x0000000008008b40      0x338 /Applications/Ac6/SystemWorkbench.app/Contents/Eclipse/plugins/fr.ac6.mcu.externaltools.arm-none.macos64_1.16.0.201807130628/tools/compiler/bin/../lib/gcc/arm-none-eabi/7.2.1/../../../../arm-none-eabi/lib/thumb/v7e-m/fpv4-sp/hard/libm.a(lib_a-w_pow.o)
                0x0000000008008b40                pow
 .text.__ieee754_pow
                0x0000000008008e78      0xab8 /Applications/Ac6/SystemWorkbench.app/Contents/Eclipse/plugins/fr.ac6.mcu.externaltools.arm-none.macos64_1.16.0.201807130628/tools/compiler/bin/../lib/gcc/arm-none-eabi/7.2.1/../../../../arm-none-eabi/lib/thumb/v7e-m/fpv4-sp/hard/libm.a(lib_a-e_pow.o)
                0x0000000008008e78                __ieee754_pow
 .text.__ieee754_sqrt
                0x0000000008009930      0x194 /Applications/Ac6/SystemWorkbench.app/Contents/Eclipse/plugins/fr.ac6.mcu.externaltools.arm-none.macos64_1.16.0.201807130628/tools/compiler/bin/../lib/gcc/arm-none-eabi/7.2.1/../../../../arm-none-eabi/lib/thumb/v7e-m/fpv4-sp/hard/libm.a(lib_a-e_sqrt.o)
                0x0000000008009930                __ieee754_sqrt
 .text.fabs     0x0000000008009ac4       0x14 /Applications/Ac6/SystemWorkbench.app/Contents/Eclipse/plugins/fr.ac6.mcu.externaltools.arm-none.macos64_1.16.0.201807130628/tools/compiler/bin/../lib/gcc/arm-none-eabi/7.2.1/../../../../arm-none-eabi/lib/thumb/v7e-m/fpv4-sp/hard/libm.a(lib_a-s_fabs.o)
                0x0000000008009ac4                fabs
 .text.finite   0x0000000008009ad8       0x10 /Applications/Ac6/SystemWorkbench.app/Contents/Eclipse/plugins/fr.ac6.mcu.externaltools.arm-none.macos64_1.16.0.201807130628/tools/compiler/bin/../lib/gcc/arm-none-eabi/7.2.1/../../../../arm-none-eabi/lib/thumb/v7e-m/fpv4-sp/hard/libm.a(lib_a-s_finite.o)
                0x0000000008009ad8                finite
 .text.matherr  0x0000000008009ae8        0x4 /Applications/Ac6/SystemWorkbench.app/Contents/Eclipse/plugins/fr.ac6.mcu.externaltools.arm-none.macos64_1.16.0.201807130628/tools/compiler/bin/../lib/gcc/arm-none-eabi/7.2.1/../../../../arm-none-eabi/lib/thumb/v7e-m/fpv4-sp/hard/libm.a(lib_a-s_matherr.o)
                0x0000000008009ae8                matherr
 *fill*         0x0000000008009aec        0x4 
 .text.nan      0x0000000008009af0       0x10 /Applications/Ac6/SystemWorkbench.app/Contents/Eclipse/plugins/fr.ac6.mcu.externaltools.arm-none.macos64_1.16.0.201807130628/tools/compiler/bin/../lib/gcc/arm-none-eabi/7.2.1/../../../../arm-none-eabi/lib/thumb/v7e-m/fpv4-sp/hard/libm.a(lib_a-s_nan.o)
                0x0000000008009af0                nan
 .text.rint     0x0000000008009b00      0x110 /Applications/Ac6/SystemWorkbench.app/Contents/Eclipse/plugins/fr.ac6.mcu.externaltools.arm-none.macos64_1.16.0.201807130628/tools/compiler/bin/../lib/gcc/arm-none-eabi/7.2.1/../../../../arm-none-eabi/lib/thumb/v7e-m/fpv4-sp/hard/libm.a(lib_a-s_rint.o)
                0x0000000008009b00                rint
 .text.scalbn   0x0000000008009c10      0x114 /Applications/Ac6/SystemWorkbench.app/Contents/Eclipse/plugins/fr.ac6.mcu.externaltools.arm-none.macos64_1.16.0.201807130628/tools/compiler/bin/../lib/gcc/arm-none-eabi/7.2.1/../../../../arm-none-eabi/lib/thumb/v7e-m/fpv4-sp/hard/libm.a(lib_a-s_scalbn.o)
                0x0000000008009c10                scalbn
 .text.copysign
                0x0000000008009d24       0x1c /Applications/Ac6/SystemWorkbench.app/Contents/Eclipse/plugins/fr.ac6.mcu.externaltools.arm-none.macos64_1.16.0.201807130628/tools/compiler/bin/../lib/gcc/arm-none-eabi/7.2.1/../../../../arm-none-eabi/lib/thumb/v7e-m/fpv4-sp/hard/libm.a(lib_a-s_copysign.o)
                0x0000000008009d24                copysign
 .text.atoi     0x0000000008009d40        0x8 /Applications/Ac6/SystemWorkbench.app/Contents/Eclipse/plugins/fr.ac6.mcu.externaltools.arm-none.macos64_1.16.0.201807130628/tools/compiler/bin/../lib/gcc/arm-none-eabi/7.2.1/../../../../arm-none-eabi/lib/thumb/v7e-m/fpv4-sp/hard/libc_nano.a(lib_a-atoi.o)
                0x0000000008009d40                atoi
 .text.__errno  0x0000000008009d48        0xc /Applications/Ac6/SystemWorkbench.app/Contents/Eclipse/plugins/fr.ac6.mcu.externaltools.arm-none.macos64_1.16.0.201807130628/tools/compiler/bin/../lib/gcc/arm-none-eabi/7.2.1/../../../../arm-none-eabi/lib/thumb/v7e-m/fpv4-sp/hard/libc_nano.a(lib_a-errno.o)
                0x0000000008009d48                __errno
 .text.__libc_init_array
                0x0000000008009d54       0x48 /Applications/Ac6/SystemWorkbench.app/Contents/Eclipse/plugins/fr.ac6.mcu.externaltools.arm-none.macos64_1.16.0.201807130628/tools/compiler/bin/../lib/gcc/arm-none-eabi/7.2.1/../../../../arm-none-eabi/lib/thumb/v7e-m/fpv4-sp/hard/libc_nano.a(lib_a-init.o)
                0x0000000008009d54                __libc_init_array
 .text.memcpy   0x0000000008009d9c       0x16 /Applications/Ac6/SystemWorkbench.app/Contents/Eclipse/plugins/fr.ac6.mcu.externaltools.arm-none.macos64_1.16.0.201807130628/tools/compiler/bin/../lib/gcc/arm-none-eabi/7.2.1/../../../../arm-none-eabi/lib/thumb/v7e-m/fpv4-sp/hard/libc_nano.a(lib_a-memcpy-stub.o)
                0x0000000008009d9c                memcpy
 .text.memset   0x0000000008009db2       0x10 /Applications/Ac6/SystemWorkbench.app/Contents/Eclipse/plugins/fr.ac6.mcu.externaltools.arm-none.macos64_1.16.0.201807130628/tools/compiler/bin/../lib/gcc/arm-none-eabi/7.2.1/../../../../arm-none-eabi/lib/thumb/v7e-m/fpv4-sp/hard/libc_nano.a(lib_a-memset.o)
                0x0000000008009db2                memset
 .text.__cvt    0x0000000008009dc2       0xc2 /Applications/Ac6/SystemWorkbench.app/Contents/Eclipse/plugins/fr.ac6.mcu.externaltools.arm-none.macos64_1.16.0.201807130628/tools/compiler/bin/../lib/gcc/arm-none-eabi/7.2.1/../../../../arm-none-eabi/lib/thumb/v7e-m/fpv4-sp/hard/libc_nano.a(lib_a-nano-vfprintf_float.o)
                0x0000000008009dc2                __cvt
 .text.__exponent
                0x0000000008009e84       0x66 /Applications/Ac6/SystemWorkbench.app/Contents/Eclipse/plugins/fr.ac6.mcu.externaltools.arm-none.macos64_1.16.0.201807130628/tools/compiler/bin/../lib/gcc/arm-none-eabi/7.2.1/../../../../arm-none-eabi/lib/thumb/v7e-m/fpv4-sp/hard/libc_nano.a(lib_a-nano-vfprintf_float.o)
                0x0000000008009e84                __exponent
 *fill*         0x0000000008009eea        0x2 
 .text._printf_float
                0x0000000008009eec      0x480 /Applications/Ac6/SystemWorkbench.app/Contents/Eclipse/plugins/fr.ac6.mcu.externaltools.arm-none.macos64_1.16.0.201807130628/tools/compiler/bin/../lib/gcc/arm-none-eabi/7.2.1/../../../../arm-none-eabi/lib/thumb/v7e-m/fpv4-sp/hard/libc_nano.a(lib_a-nano-vfprintf_float.o)
                0x0000000008009eec                _printf_float
 .text._printf_common
                0x000000000800a36c       0xea /Applications/Ac6/SystemWorkbench.app/Contents/Eclipse/plugins/fr.ac6.mcu.externaltools.arm-none.macos64_1.16.0.201807130628/tools/compiler/bin/../lib/gcc/arm-none-eabi/7.2.1/../../../../arm-none-eabi/lib/thumb/v7e-m/fpv4-sp/hard/libc_nano.a(lib_a-nano-vfprintf_i.o)
                0x000000000800a36c                _printf_common
 *fill*         0x000000000800a456        0x2 
 .text._printf_i
                0x000000000800a458      0x224 /Applications/Ac6/SystemWorkbench.app/Contents/Eclipse/plugins/fr.ac6.mcu.externaltools.arm-none.macos64_1.16.0.201807130628/tools/compiler/bin/../lib/gcc/arm-none-eabi/7.2.1/../../../../arm-none-eabi/lib/thumb/v7e-m/fpv4-sp/hard/libc_nano.a(lib_a-nano-vfprintf_i.o)
                0x000000000800a458                _printf_i
 .text.sprintf  0x000000000800a67c       0x40 /Applications/Ac6/SystemWorkbench.app/Contents/Eclipse/plugins/fr.ac6.mcu.externaltools.arm-none.macos64_1.16.0.201807130628/tools/compiler/bin/../lib/gcc/arm-none-eabi/7.2.1/../../../../arm-none-eabi/lib/thumb/v7e-m/fpv4-sp/hard/libc_nano.a(lib_a-sprintf.o)
                0x000000000800a67c                sprintf
                0x000000000800a67c                siprintf
 .text.strcpy   0x000000000800a6bc       0x10 /Applications/Ac6/SystemWorkbench.app/Contents/Eclipse/plugins/fr.ac6.mcu.externaltools.arm-none.macos64_1.16.0.201807130628/tools/compiler/bin/../lib/gcc/arm-none-eabi/7.2.1/../../../../arm-none-eabi/lib/thumb/v7e-m/fpv4-sp/hard/libc_nano.a(lib_a-strcpy.o)
                0x000000000800a6bc                strcpy
 .text._strtol_l.isra.0
                0x000000000800a6cc       0xf6 /Applications/Ac6/SystemWorkbench.app/Contents/Eclipse/plugins/fr.ac6.mcu.externaltools.arm-none.macos64_1.16.0.201807130628/tools/compiler/bin/../lib/gcc/arm-none-eabi/7.2.1/../../../../arm-none-eabi/lib/thumb/v7e-m/fpv4-sp/hard/libc_nano.a(lib_a-strtol.o)
 *fill*         0x000000000800a7c2        0x2 
 .text.strtol   0x000000000800a7c4       0x2c /Applications/Ac6/SystemWorkbench.app/Contents/Eclipse/plugins/fr.ac6.mcu.externaltools.arm-none.macos64_1.16.0.201807130628/tools/compiler/bin/../lib/gcc/arm-none-eabi/7.2.1/../../../../arm-none-eabi/lib/thumb/v7e-m/fpv4-sp/hard/libc_nano.a(lib_a-strtol.o)
                0x000000000800a7c4                strtol
 .text._vsprintf_r
                0x000000000800a7f0       0x2c /Applications/Ac6/SystemWorkbench.app/Contents/Eclipse/plugins/fr.ac6.mcu.externaltools.arm-none.macos64_1.16.0.201807130628/tools/compiler/bin/../lib/gcc/arm-none-eabi/7.2.1/../../../../arm-none-eabi/lib/thumb/v7e-m/fpv4-sp/hard/libc_nano.a(lib_a-vsprintf.o)
                0x000000000800a7f0                _vsiprintf_r
                0x000000000800a7f0                _vsprintf_r
 .text.vsprintf
                0x000000000800a81c       0x14 /Applications/Ac6/SystemWorkbench.app/Contents/Eclipse/plugins/fr.ac6.mcu.externaltools.arm-none.macos64_1.16.0.201807130628/tools/compiler/bin/../lib/gcc/arm-none-eabi/7.2.1/../../../../arm-none-eabi/lib/thumb/v7e-m/fpv4-sp/hard/libc_nano.a(lib_a-vsprintf.o)
                0x000000000800a81c                vsprintf
                0x000000000800a81c                vsiprintf
 .text.quorem   0x000000000800a830      0x118 /Applications/Ac6/SystemWorkbench.app/Contents/Eclipse/plugins/fr.ac6.mcu.externaltools.arm-none.macos64_1.16.0.201807130628/tools/compiler/bin/../lib/gcc/arm-none-eabi/7.2.1/../../../../arm-none-eabi/lib/thumb/v7e-m/fpv4-sp/hard/libc_nano.a(lib_a-dtoa.o)
 .text._dtoa_r  0x000000000800a948      0xb70 /Applications/Ac6/SystemWorkbench.app/Contents/Eclipse/plugins/fr.ac6.mcu.externaltools.arm-none.macos64_1.16.0.201807130628/tools/compiler/bin/../lib/gcc/arm-none-eabi/7.2.1/../../../../arm-none-eabi/lib/thumb/v7e-m/fpv4-sp/hard/libc_nano.a(lib_a-dtoa.o)
                0x000000000800a948                _dtoa_r
 .text.__locale_ctype_ptr_l
                0x000000000800b4b8        0x6 /Applications/Ac6/SystemWorkbench.app/Contents/Eclipse/plugins/fr.ac6.mcu.externaltools.arm-none.macos64_1.16.0.201807130628/tools/compiler/bin/../lib/gcc/arm-none-eabi/7.2.1/../../../../arm-none-eabi/lib/thumb/v7e-m/fpv4-sp/hard/libc_nano.a(lib_a-locale.o)
                0x000000000800b4b8                __locale_ctype_ptr_l
 *fill*         0x000000000800b4be        0x2 
 .text._localeconv_r
                0x000000000800b4c0       0x1c /Applications/Ac6/SystemWorkbench.app/Contents/Eclipse/plugins/fr.ac6.mcu.externaltools.arm-none.macos64_1.16.0.201807130628/tools/compiler/bin/../lib/gcc/arm-none-eabi/7.2.1/../../../../arm-none-eabi/lib/thumb/v7e-m/fpv4-sp/hard/libc_nano.a(lib_a-localeconv.o)
                0x000000000800b4c0                _localeconv_r
 .text.malloc   0x000000000800b4dc       0x10 /Applications/Ac6/SystemWorkbench.app/Contents/Eclipse/plugins/fr.ac6.mcu.externaltools.arm-none.macos64_1.16.0.201807130628/tools/compiler/bin/../lib/gcc/arm-none-eabi/7.2.1/../../../../arm-none-eabi/lib/thumb/v7e-m/fpv4-sp/hard/libc_nano.a(lib_a-malloc.o)
                0x000000000800b4dc                malloc
 .text.__ascii_mbtowc
                0x000000000800b4ec       0x24 /Applications/Ac6/SystemWorkbench.app/Contents/Eclipse/plugins/fr.ac6.mcu.externaltools.arm-none.macos64_1.16.0.201807130628/tools/compiler/bin/../lib/gcc/arm-none-eabi/7.2.1/../../../../arm-none-eabi/lib/thumb/v7e-m/fpv4-sp/hard/libc_nano.a(lib_a-mbtowc_r.o)
                0x000000000800b4ec                __ascii_mbtowc
 .text._Balloc  0x000000000800b510       0x68 /Applications/Ac6/SystemWorkbench.app/Contents/Eclipse/plugins/fr.ac6.mcu.externaltools.arm-none.macos64_1.16.0.201807130628/tools/compiler/bin/../lib/gcc/arm-none-eabi/7.2.1/../../../../arm-none-eabi/lib/thumb/v7e-m/fpv4-sp/hard/libc_nano.a(lib_a-mprec.o)
                0x000000000800b510                _Balloc
 .text._Bfree   0x000000000800b578       0x2e /Applications/Ac6/SystemWorkbench.app/Contents/Eclipse/plugins/fr.ac6.mcu.externaltools.arm-none.macos64_1.16.0.201807130628/tools/compiler/bin/../lib/gcc/arm-none-eabi/7.2.1/../../../../arm-none-eabi/lib/thumb/v7e-m/fpv4-sp/hard/libc_nano.a(lib_a-mprec.o)
                0x000000000800b578                _Bfree
 .text.__multadd
                0x000000000800b5a6       0x76 /Applications/Ac6/SystemWorkbench.app/Contents/Eclipse/plugins/fr.ac6.mcu.externaltools.arm-none.macos64_1.16.0.201807130628/tools/compiler/bin/../lib/gcc/arm-none-eabi/7.2.1/../../../../arm-none-eabi/lib/thumb/v7e-m/fpv4-sp/hard/libc_nano.a(lib_a-mprec.o)
                0x000000000800b5a6                __multadd
 .text.__hi0bits
                0x000000000800b61c       0x3e /Applications/Ac6/SystemWorkbench.app/Contents/Eclipse/plugins/fr.ac6.mcu.externaltools.arm-none.macos64_1.16.0.201807130628/tools/compiler/bin/../lib/gcc/arm-none-eabi/7.2.1/../../../../arm-none-eabi/lib/thumb/v7e-m/fpv4-sp/hard/libc_nano.a(lib_a-mprec.o)
                0x000000000800b61c                __hi0bits
 .text.__lo0bits
                0x000000000800b65a       0x5e /Applications/Ac6/SystemWorkbench.app/Contents/Eclipse/plugins/fr.ac6.mcu.externaltools.arm-none.macos64_1.16.0.201807130628/tools/compiler/bin/../lib/gcc/arm-none-eabi/7.2.1/../../../../arm-none-eabi/lib/thumb/v7e-m/fpv4-sp/hard/libc_nano.a(lib_a-mprec.o)
                0x000000000800b65a                __lo0bits
 .text.__i2b    0x000000000800b6b8       0x12 /Applications/Ac6/SystemWorkbench.app/Contents/Eclipse/plugins/fr.ac6.mcu.externaltools.arm-none.macos64_1.16.0.201807130628/tools/compiler/bin/../lib/gcc/arm-none-eabi/7.2.1/../../../../arm-none-eabi/lib/thumb/v7e-m/fpv4-sp/hard/libc_nano.a(lib_a-mprec.o)
                0x000000000800b6b8                __i2b
 .text.__multiply
                0x000000000800b6ca      0x12c /Applications/Ac6/SystemWorkbench.app/Contents/Eclipse/plugins/fr.ac6.mcu.externaltools.arm-none.macos64_1.16.0.201807130628/tools/compiler/bin/../lib/gcc/arm-none-eabi/7.2.1/../../../../arm-none-eabi/lib/thumb/v7e-m/fpv4-sp/hard/libc_nano.a(lib_a-mprec.o)
                0x000000000800b6ca                __multiply
 *fill*         0x000000000800b7f6        0x2 
 .text.__pow5mult
                0x000000000800b7f8       0x9c /Applications/Ac6/SystemWorkbench.app/Contents/Eclipse/plugins/fr.ac6.mcu.externaltools.arm-none.macos64_1.16.0.201807130628/tools/compiler/bin/../lib/gcc/arm-none-eabi/7.2.1/../../../../arm-none-eabi/lib/thumb/v7e-m/fpv4-sp/hard/libc_nano.a(lib_a-mprec.o)
                0x000000000800b7f8                __pow5mult
 .text.__lshift
                0x000000000800b894       0xa8 /Applications/Ac6/SystemWorkbench.app/Contents/Eclipse/plugins/fr.ac6.mcu.externaltools.arm-none.macos64_1.16.0.201807130628/tools/compiler/bin/../lib/gcc/arm-none-eabi/7.2.1/../../../../arm-none-eabi/lib/thumb/v7e-m/fpv4-sp/hard/libc_nano.a(lib_a-mprec.o)
                0x000000000800b894                __lshift
 .text.__mcmp   0x000000000800b93c       0x34 /Applications/Ac6/SystemWorkbench.app/Contents/Eclipse/plugins/fr.ac6.mcu.externaltools.arm-none.macos64_1.16.0.201807130628/tools/compiler/bin/../lib/gcc/arm-none-eabi/7.2.1/../../../../arm-none-eabi/lib/thumb/v7e-m/fpv4-sp/hard/libc_nano.a(lib_a-mprec.o)
                0x000000000800b93c                __mcmp
 .text.__mdiff  0x000000000800b970       0xba /Applications/Ac6/SystemWorkbench.app/Contents/Eclipse/plugins/fr.ac6.mcu.externaltools.arm-none.macos64_1.16.0.201807130628/tools/compiler/bin/../lib/gcc/arm-none-eabi/7.2.1/../../../../arm-none-eabi/lib/thumb/v7e-m/fpv4-sp/hard/libc_nano.a(lib_a-mprec.o)
                0x000000000800b970                __mdiff
 .text.__d2b    0x000000000800ba2a       0x9e /Applications/Ac6/SystemWorkbench.app/Contents/Eclipse/plugins/fr.ac6.mcu.externaltools.arm-none.macos64_1.16.0.201807130628/tools/compiler/bin/../lib/gcc/arm-none-eabi/7.2.1/../../../../arm-none-eabi/lib/thumb/v7e-m/fpv4-sp/hard/libc_nano.a(lib_a-mprec.o)
                0x000000000800ba2a                __d2b
 .text._calloc_r
                0x000000000800bac8       0x1c /Applications/Ac6/SystemWorkbench.app/Contents/Eclipse/plugins/fr.ac6.mcu.externaltools.arm-none.macos64_1.16.0.201807130628/tools/compiler/bin/../lib/gcc/arm-none-eabi/7.2.1/../../../../arm-none-eabi/lib/thumb/v7e-m/fpv4-sp/hard/libc_nano.a(lib_a-nano-callocr.o)
                0x000000000800bac8                _calloc_r
 .text._free_r  0x000000000800bae4       0x9c /Applications/Ac6/SystemWorkbench.app/Contents/Eclipse/plugins/fr.ac6.mcu.externaltools.arm-none.macos64_1.16.0.201807130628/tools/compiler/bin/../lib/gcc/arm-none-eabi/7.2.1/../../../../arm-none-eabi/lib/thumb/v7e-m/fpv4-sp/hard/libc_nano.a(lib_a-nano-freer.o)
                0x000000000800bae4                _free_r
 .text._malloc_r
                0x000000000800bb80       0xb4 /Applications/Ac6/SystemWorkbench.app/Contents/Eclipse/plugins/fr.ac6.mcu.externaltools.arm-none.macos64_1.16.0.201807130628/tools/compiler/bin/../lib/gcc/arm-none-eabi/7.2.1/../../../../arm-none-eabi/lib/thumb/v7e-m/fpv4-sp/hard/libc_nano.a(lib_a-nano-mallocr.o)
                0x000000000800bb80                _malloc_r
 .text.__ssputs_r
                0x000000000800bc34       0xb4 /Applications/Ac6/SystemWorkbench.app/Contents/Eclipse/plugins/fr.ac6.mcu.externaltools.arm-none.macos64_1.16.0.201807130628/tools/compiler/bin/../lib/gcc/arm-none-eabi/7.2.1/../../../../arm-none-eabi/lib/thumb/v7e-m/fpv4-sp/hard/libc_nano.a(lib_a-nano-svfprintf.o)
                0x000000000800bc34                __ssputs_r
 .text._svfprintf_r
                0x000000000800bce8      0x1ec /Applications/Ac6/SystemWorkbench.app/Contents/Eclipse/plugins/fr.ac6.mcu.externaltools.arm-none.macos64_1.16.0.201807130628/tools/compiler/bin/../lib/gcc/arm-none-eabi/7.2.1/../../../../arm-none-eabi/lib/thumb/v7e-m/fpv4-sp/hard/libc_nano.a(lib_a-nano-svfprintf.o)
                0x000000000800bce8                _svfprintf_r
                0x000000000800bce8                _svfiprintf_r
 .text._sbrk_r  0x000000000800bed4       0x20 /Applications/Ac6/SystemWorkbench.app/Contents/Eclipse/plugins/fr.ac6.mcu.externaltools.arm-none.macos64_1.16.0.201807130628/tools/compiler/bin/../lib/gcc/arm-none-eabi/7.2.1/../../../../arm-none-eabi/lib/thumb/v7e-m/fpv4-sp/hard/libc_nano.a(lib_a-sbrkr.o)
                0x000000000800bed4                _sbrk_r
 .text.__ascii_wctomb
                0x000000000800bef4       0x1a /Applications/Ac6/SystemWorkbench.app/Contents/Eclipse/plugins/fr.ac6.mcu.externaltools.arm-none.macos64_1.16.0.201807130628/tools/compiler/bin/../lib/gcc/arm-none-eabi/7.2.1/../../../../arm-none-eabi/lib/thumb/v7e-m/fpv4-sp/hard/libc_nano.a(lib_a-wctomb_r.o)
                0x000000000800bef4                __ascii_wctomb
 .text.memmove  0x000000000800bf0e       0x32 /Applications/Ac6/SystemWorkbench.app/Contents/Eclipse/plugins/fr.ac6.mcu.externaltools.arm-none.macos64_1.16.0.201807130628/tools/compiler/bin/../lib/gcc/arm-none-eabi/7.2.1/../../../../arm-none-eabi/lib/thumb/v7e-m/fpv4-sp/hard/libc_nano.a(lib_a-memmove.o)
                0x000000000800bf0e                memmove
 .text.__malloc_lock
                0x000000000800bf40        0x2 /Applications/Ac6/SystemWorkbench.app/Contents/Eclipse/plugins/fr.ac6.mcu.externaltools.arm-none.macos64_1.16.0.201807130628/tools/compiler/bin/../lib/gcc/arm-none-eabi/7.2.1/../../../../arm-none-eabi/lib/thumb/v7e-m/fpv4-sp/hard/libc_nano.a(lib_a-mlock.o)
                0x000000000800bf40                __malloc_lock
 .text.__malloc_unlock
                0x000000000800bf42        0x2 /Applications/Ac6/SystemWorkbench.app/Contents/Eclipse/plugins/fr.ac6.mcu.externaltools.arm-none.macos64_1.16.0.201807130628/tools/compiler/bin/../lib/gcc/arm-none-eabi/7.2.1/../../../../arm-none-eabi/lib/thumb/v7e-m/fpv4-sp/hard/libc_nano.a(lib_a-mlock.o)
                0x000000000800bf42                __malloc_unlock
 .text._realloc_r
                0x000000000800bf44       0x4c /Applications/Ac6/SystemWorkbench.app/Contents/Eclipse/plugins/fr.ac6.mcu.externaltools.arm-none.macos64_1.16.0.201807130628/tools/compiler/bin/../lib/gcc/arm-none-eabi/7.2.1/../../../../arm-none-eabi/lib/thumb/v7e-m/fpv4-sp/hard/libc_nano.a(lib_a-nano-reallocr.o)
                0x000000000800bf44                _realloc_r
 .text._malloc_usable_size_r
                0x000000000800bf90       0x10 /Applications/Ac6/SystemWorkbench.app/Contents/Eclipse/plugins/fr.ac6.mcu.externaltools.arm-none.macos64_1.16.0.201807130628/tools/compiler/bin/../lib/gcc/arm-none-eabi/7.2.1/../../../../arm-none-eabi/lib/thumb/v7e-m/fpv4-sp/hard/libc_nano.a(lib_a-nano-msizer.o)
                0x000000000800bf90                _malloc_usable_size_r
 .text._sbrk    0x000000000800bfa0       0x1c /Applications/Ac6/SystemWorkbench.app/Contents/Eclipse/plugins/fr.ac6.mcu.externaltools.arm-none.macos64_1.16.0.201807130628/tools/compiler/bin/../lib/gcc/arm-none-eabi/7.2.1/../../../../arm-none-eabi/lib/thumb/v7e-m/fpv4-sp/hard/libnosys.a(sbrk.o)
                0x000000000800bfa0                _sbrk
 *(.glue_7)
 .glue_7        0x000000000800bfbc        0x0 linker stubs
 *(.glue_7t)
 .glue_7t       0x000000000800bfbc        0x0 linker stubs
 *(.eh_frame)
 .eh_frame      0x000000000800bfbc        0x0 /Applications/Ac6/SystemWorkbench.app/Contents/Eclipse/plugins/fr.ac6.mcu.externaltools.arm-none.macos64_1.16.0.201807130628/tools/compiler/bin/../lib/gcc/arm-none-eabi/7.2.1/thumb/v7e-m/fpv4-sp/hard/crtbegin.o
 *(.init)
 .init          0x000000000800bfbc        0x4 /Applications/Ac6/SystemWorkbench.app/Contents/Eclipse/plugins/fr.ac6.mcu.externaltools.arm-none.macos64_1.16.0.201807130628/tools/compiler/bin/../lib/gcc/arm-none-eabi/7.2.1/thumb/v7e-m/fpv4-sp/hard/crti.o
                0x000000000800bfbc                _init
 .init          0x000000000800bfc0        0x8 /Applications/Ac6/SystemWorkbench.app/Contents/Eclipse/plugins/fr.ac6.mcu.externaltools.arm-none.macos64_1.16.0.201807130628/tools/compiler/bin/../lib/gcc/arm-none-eabi/7.2.1/thumb/v7e-m/fpv4-sp/hard/crtn.o
 *(.fini)
 .fini          0x000000000800bfc8        0x4 /Applications/Ac6/SystemWorkbench.app/Contents/Eclipse/plugins/fr.ac6.mcu.externaltools.arm-none.macos64_1.16.0.201807130628/tools/compiler/bin/../lib/gcc/arm-none-eabi/7.2.1/thumb/v7e-m/fpv4-sp/hard/crti.o
                0x000000000800bfc8                _fini
 .fini          0x000000000800bfcc        0x8 /Applications/Ac6/SystemWorkbench.app/Contents/Eclipse/plugins/fr.ac6.mcu.externaltools.arm-none.macos64_1.16.0.201807130628/tools/compiler/bin/../lib/gcc/arm-none-eabi/7.2.1/thumb/v7e-m/fpv4-sp/hard/crtn.o
                0x000000000800bfd4                . = ALIGN (0x4)
                0x000000000800bfd4                _etext = .

.vfp11_veneer   0x000000000800bfd4        0x0
 .vfp11_veneer  0x000000000800bfd4        0x0 linker stubs

.v4_bx          0x000000000800bfd4        0x0
 .v4_bx         0x000000000800bfd4        0x0 linker stubs

.iplt           0x000000000800bfd4        0x0
 .iplt          0x000000000800bfd4        0x0 /Applications/Ac6/SystemWorkbench.app/Contents/Eclipse/plugins/fr.ac6.mcu.externaltools.arm-none.macos64_1.16.0.201807130628/tools/compiler/bin/../lib/gcc/arm-none-eabi/7.2.1/thumb/v7e-m/fpv4-sp/hard/crtbegin.o

.rodata         0x000000000800bfd8      0xd10
                0x000000000800bfd8                . = ALIGN (0x4)
 *(.rodata)
 .rodata        0x000000000800bfd8        0x8 Drivers/STM32F4xx_HAL_Driver/Src/stm32f4xx_hal_dma.o
 .rodata        0x000000000800bfe0      0x474 Drivers/display/Fonts/font12.o
                0x000000000800bfe0                Font12_Table
 .rodata        0x000000000800c454       0xcc Drivers/display/lcd.o
 .rodata        0x000000000800c520       0x3c Src/freertos.o
 .rodata        0x000000000800c55c       0x18 Src/system_stm32f4xx.o
                0x000000000800c55c                AHBPrescTable
                0x000000000800c56c                APBPrescTable
 *(.rodata*)
 .rodata.str1.4
                0x000000000800c574        0x4 Drivers/ATParser/at_parser.o
 .rodata.str1.4
                0x000000000800c578        0x5 Middlewares/Third_Party/FreeRTOS/Source/tasks.o
 *fill*         0x000000000800c57d        0x3 
 .rodata.str1.4
                0x000000000800c580      0x16c Src/freertos.o
 .rodata.str1.4
                0x000000000800c6ec        0xd Src/i2c.o
 *fill*         0x000000000800c6f9        0x3 
 .rodata.str1.4
                0x000000000800c6fc        0xe Src/main.o
 *fill*         0x000000000800c70a        0x2 
 .rodata.str1.4
                0x000000000800c70c        0xf Src/usart.o
 *fill*         0x000000000800c71b        0x1 
 .rodata.str1.4
                0x000000000800c71c      0x2f3 Src/weatherForecast.o
                                        0x30b (size before relaxing)
 *fill*         0x000000000800ca0f        0x1 
 .rodata.pow.str1.4
                0x000000000800ca10        0x4 /Applications/Ac6/SystemWorkbench.app/Contents/Eclipse/plugins/fr.ac6.mcu.externaltools.arm-none.macos64_1.16.0.201807130628/tools/compiler/bin/../lib/gcc/arm-none-eabi/7.2.1/../../../../arm-none-eabi/lib/thumb/v7e-m/fpv4-sp/hard/libm.a(lib_a-w_pow.o)
 .rodata.__ieee754_pow.str1.4
                0x000000000800ca14        0x4 /Applications/Ac6/SystemWorkbench.app/Contents/Eclipse/plugins/fr.ac6.mcu.externaltools.arm-none.macos64_1.16.0.201807130628/tools/compiler/bin/../lib/gcc/arm-none-eabi/7.2.1/../../../../arm-none-eabi/lib/thumb/v7e-m/fpv4-sp/hard/libm.a(lib_a-e_pow.o)
                                          0x1 (size before relaxing)
 *fill*         0x000000000800ca14        0x4 
 .rodata.TWO52  0x000000000800ca18       0x10 /Applications/Ac6/SystemWorkbench.app/Contents/Eclipse/plugins/fr.ac6.mcu.externaltools.arm-none.macos64_1.16.0.201807130628/tools/compiler/bin/../lib/gcc/arm-none-eabi/7.2.1/../../../../arm-none-eabi/lib/thumb/v7e-m/fpv4-sp/hard/libm.a(lib_a-s_rint.o)
 .rodata._printf_float.str1.1
                0x000000000800ca28       0x12 /Applications/Ac6/SystemWorkbench.app/Contents/Eclipse/plugins/fr.ac6.mcu.externaltools.arm-none.macos64_1.16.0.201807130628/tools/compiler/bin/../lib/gcc/arm-none-eabi/7.2.1/../../../../arm-none-eabi/lib/thumb/v7e-m/fpv4-sp/hard/libc_nano.a(lib_a-nano-vfprintf_float.o)
 .rodata._printf_i.str1.1
                0x000000000800ca3a       0x22 /Applications/Ac6/SystemWorkbench.app/Contents/Eclipse/plugins/fr.ac6.mcu.externaltools.arm-none.macos64_1.16.0.201807130628/tools/compiler/bin/../lib/gcc/arm-none-eabi/7.2.1/../../../../arm-none-eabi/lib/thumb/v7e-m/fpv4-sp/hard/libc_nano.a(lib_a-nano-vfprintf_i.o)
 .rodata._dtoa_r.str1.1
                0x000000000800ca5c        0xd /Applications/Ac6/SystemWorkbench.app/Contents/Eclipse/plugins/fr.ac6.mcu.externaltools.arm-none.macos64_1.16.0.201807130628/tools/compiler/bin/../lib/gcc/arm-none-eabi/7.2.1/../../../../arm-none-eabi/lib/thumb/v7e-m/fpv4-sp/hard/libc_nano.a(lib_a-dtoa.o)
                                          0xf (size before relaxing)
 *fill*         0x000000000800ca69        0x3 
 .rodata.__sf_fake_stderr
                0x000000000800ca6c       0x20 /Applications/Ac6/SystemWorkbench.app/Contents/Eclipse/plugins/fr.ac6.mcu.externaltools.arm-none.macos64_1.16.0.201807130628/tools/compiler/bin/../lib/gcc/arm-none-eabi/7.2.1/../../../../arm-none-eabi/lib/thumb/v7e-m/fpv4-sp/hard/libc_nano.a(lib_a-findfp.o)
                0x000000000800ca6c                __sf_fake_stderr
 .rodata.__sf_fake_stdin
                0x000000000800ca8c       0x20 /Applications/Ac6/SystemWorkbench.app/Contents/Eclipse/plugins/fr.ac6.mcu.externaltools.arm-none.macos64_1.16.0.201807130628/tools/compiler/bin/../lib/gcc/arm-none-eabi/7.2.1/../../../../arm-none-eabi/lib/thumb/v7e-m/fpv4-sp/hard/libc_nano.a(lib_a-findfp.o)
                0x000000000800ca8c                __sf_fake_stdin
 .rodata.__sf_fake_stdout
                0x000000000800caac       0x20 /Applications/Ac6/SystemWorkbench.app/Contents/Eclipse/plugins/fr.ac6.mcu.externaltools.arm-none.macos64_1.16.0.201807130628/tools/compiler/bin/../lib/gcc/arm-none-eabi/7.2.1/../../../../arm-none-eabi/lib/thumb/v7e-m/fpv4-sp/hard/libc_nano.a(lib_a-findfp.o)
                0x000000000800caac                __sf_fake_stdout
 .rodata._setlocale_r.str1.1
                0x000000000800cacc        0x8 /Applications/Ac6/SystemWorkbench.app/Contents/Eclipse/plugins/fr.ac6.mcu.externaltools.arm-none.macos64_1.16.0.201807130628/tools/compiler/bin/../lib/gcc/arm-none-eabi/7.2.1/../../../../arm-none-eabi/lib/thumb/v7e-m/fpv4-sp/hard/libc_nano.a(lib_a-locale.o)
                                          0x9 (size before relaxing)
 .rodata.str1.1
                0x000000000800cad4        0x2 /Applications/Ac6/SystemWorkbench.app/Contents/Eclipse/plugins/fr.ac6.mcu.externaltools.arm-none.macos64_1.16.0.201807130628/tools/compiler/bin/../lib/gcc/arm-none-eabi/7.2.1/../../../../arm-none-eabi/lib/thumb/v7e-m/fpv4-sp/hard/libc_nano.a(lib_a-locale.o)
 *fill*         0x000000000800cad6        0x2 
 .rodata.__mprec_bigtens
                0x000000000800cad8       0x28 /Applications/Ac6/SystemWorkbench.app/Contents/Eclipse/plugins/fr.ac6.mcu.externaltools.arm-none.macos64_1.16.0.201807130628/tools/compiler/bin/../lib/gcc/arm-none-eabi/7.2.1/../../../../arm-none-eabi/lib/thumb/v7e-m/fpv4-sp/hard/libc_nano.a(lib_a-mprec.o)
                0x000000000800cad8                __mprec_bigtens
 .rodata.__mprec_tens
                0x000000000800cb00       0xc8 /Applications/Ac6/SystemWorkbench.app/Contents/Eclipse/plugins/fr.ac6.mcu.externaltools.arm-none.macos64_1.16.0.201807130628/tools/compiler/bin/../lib/gcc/arm-none-eabi/7.2.1/../../../../arm-none-eabi/lib/thumb/v7e-m/fpv4-sp/hard/libc_nano.a(lib_a-mprec.o)
                0x000000000800cb00                __mprec_tens
 .rodata.p05.7359
                0x000000000800cbc8        0xc /Applications/Ac6/SystemWorkbench.app/Contents/Eclipse/plugins/fr.ac6.mcu.externaltools.arm-none.macos64_1.16.0.201807130628/tools/compiler/bin/../lib/gcc/arm-none-eabi/7.2.1/../../../../arm-none-eabi/lib/thumb/v7e-m/fpv4-sp/hard/libc_nano.a(lib_a-mprec.o)
 .rodata._svfprintf_r.str1.1
                0x000000000800cbd4       0x11 /Applications/Ac6/SystemWorkbench.app/Contents/Eclipse/plugins/fr.ac6.mcu.externaltools.arm-none.macos64_1.16.0.201807130628/tools/compiler/bin/../lib/gcc/arm-none-eabi/7.2.1/../../../../arm-none-eabi/lib/thumb/v7e-m/fpv4-sp/hard/libc_nano.a(lib_a-nano-svfprintf.o)
 .rodata._ctype_
                0x000000000800cbe5      0x101 /Applications/Ac6/SystemWorkbench.app/Contents/Eclipse/plugins/fr.ac6.mcu.externaltools.arm-none.macos64_1.16.0.201807130628/tools/compiler/bin/../lib/gcc/arm-none-eabi/7.2.1/../../../../arm-none-eabi/lib/thumb/v7e-m/fpv4-sp/hard/libc_nano.a(lib_a-ctype_.o)
                0x000000000800cbe5                _ctype_
                0x000000000800cce8                . = ALIGN (0x4)
 *fill*         0x000000000800cce6        0x2 

.ARM.extab
 *(.ARM.extab* .gnu.linkonce.armextab.*)

.ARM            0x000000000800cce8        0x8
                0x000000000800cce8                __exidx_start = .
 *(.ARM.exidx*)
 .ARM.exidx     0x000000000800cce8        0x8 /Applications/Ac6/SystemWorkbench.app/Contents/Eclipse/plugins/fr.ac6.mcu.externaltools.arm-none.macos64_1.16.0.201807130628/tools/compiler/bin/../lib/gcc/arm-none-eabi/7.2.1/thumb/v7e-m/fpv4-sp/hard/libgcc.a(_udivmoddi4.o)
                0x000000000800ccf0                __exidx_end = .

.rel.dyn        0x000000000800ccf0        0x0
 .rel.iplt      0x000000000800ccf0        0x0 /Applications/Ac6/SystemWorkbench.app/Contents/Eclipse/plugins/fr.ac6.mcu.externaltools.arm-none.macos64_1.16.0.201807130628/tools/compiler/bin/../lib/gcc/arm-none-eabi/7.2.1/thumb/v7e-m/fpv4-sp/hard/crtbegin.o

.preinit_array  0x000000000800ccf0        0x0
                0x000000000800ccf0                PROVIDE (__preinit_array_start, .)
 *(.preinit_array*)
                0x000000000800ccf0                PROVIDE (__preinit_array_end, .)

.init_array     0x000000000800ccf0        0x4
                0x000000000800ccf0                PROVIDE (__init_array_start, .)
 *(SORT_BY_NAME(.init_array.*))
 *(.init_array*)
 .init_array    0x000000000800ccf0        0x4 /Applications/Ac6/SystemWorkbench.app/Contents/Eclipse/plugins/fr.ac6.mcu.externaltools.arm-none.macos64_1.16.0.201807130628/tools/compiler/bin/../lib/gcc/arm-none-eabi/7.2.1/thumb/v7e-m/fpv4-sp/hard/crtbegin.o
                0x000000000800ccf4                PROVIDE (__init_array_end, .)

.fini_array     0x000000000800ccf4        0x4
                [!provide]                        PROVIDE (__fini_array_start, .)
 *(SORT_BY_NAME(.fini_array.*))
 *(.fini_array*)
 .fini_array    0x000000000800ccf4        0x4 /Applications/Ac6/SystemWorkbench.app/Contents/Eclipse/plugins/fr.ac6.mcu.externaltools.arm-none.macos64_1.16.0.201807130628/tools/compiler/bin/../lib/gcc/arm-none-eabi/7.2.1/thumb/v7e-m/fpv4-sp/hard/crtbegin.o
                [!provide]                        PROVIDE (__fini_array_end, .)
                0x000000000800ccf8                _sidata = LOADADDR (.data)

.data           0x0000000020000000      0x1f8 load address 0x000000000800ccf8
                0x0000000020000000                . = ALIGN (0x4)
                0x0000000020000000                _sdata = .
 *(.data)
 .data          0x0000000020000000        0x8 Drivers/STM32F4xx_HAL_Driver/Src/stm32f4xx_hal.o
                0x0000000020000000                uwTickFreq
                0x0000000020000004                uwTickPrio
 .data          0x0000000020000008        0x8 Drivers/display/Fonts/font12.o
                0x0000000020000008                Font12
 .data          0x0000000020000010        0x4 Middlewares/Third_Party/FreeRTOS/Source/portable/GCC/ARM_CM4F/port.o
 .data          0x0000000020000014        0xc Src/freertos.o
                0x0000000020000014                transferInterval
                0x0000000020000018                savePressSize
                0x000000002000001c                hourInterval
 .data          0x0000000020000020        0x4 Src/system_stm32f4xx.o
                0x0000000020000020                SystemCoreClock
 *(.data*)
 .data.__fdlib_version
                0x0000000020000024        0x1 /Applications/Ac6/SystemWorkbench.app/Contents/Eclipse/plugins/fr.ac6.mcu.externaltools.arm-none.macos64_1.16.0.201807130628/tools/compiler/bin/../lib/gcc/arm-none-eabi/7.2.1/../../../../arm-none-eabi/lib/thumb/v7e-m/fpv4-sp/hard/libm.a(lib_a-s_lib_ver.o)
                0x0000000020000024                __fdlib_version
 *fill*         0x0000000020000025        0x3 
 .data._impure_ptr
                0x0000000020000028        0x4 /Applications/Ac6/SystemWorkbench.app/Contents/Eclipse/plugins/fr.ac6.mcu.externaltools.arm-none.macos64_1.16.0.201807130628/tools/compiler/bin/../lib/gcc/arm-none-eabi/7.2.1/../../../../arm-none-eabi/lib/thumb/v7e-m/fpv4-sp/hard/libc_nano.a(lib_a-impure.o)
                0x0000000020000028                _impure_ptr
 .data.impure_data
                0x000000002000002c       0x60 /Applications/Ac6/SystemWorkbench.app/Contents/Eclipse/plugins/fr.ac6.mcu.externaltools.arm-none.macos64_1.16.0.201807130628/tools/compiler/bin/../lib/gcc/arm-none-eabi/7.2.1/../../../../arm-none-eabi/lib/thumb/v7e-m/fpv4-sp/hard/libc_nano.a(lib_a-impure.o)
 .data.__global_locale
                0x000000002000008c      0x16c /Applications/Ac6/SystemWorkbench.app/Contents/Eclipse/plugins/fr.ac6.mcu.externaltools.arm-none.macos64_1.16.0.201807130628/tools/compiler/bin/../lib/gcc/arm-none-eabi/7.2.1/../../../../arm-none-eabi/lib/thumb/v7e-m/fpv4-sp/hard/libc_nano.a(lib_a-locale.o)
                0x000000002000008c                __global_locale
                0x00000000200001f8                . = ALIGN (0x4)
                0x00000000200001f8                _edata = .

.igot.plt       0x00000000200001f8        0x0 load address 0x000000000800cef0
 .igot.plt      0x00000000200001f8        0x0 /Applications/Ac6/SystemWorkbench.app/Contents/Eclipse/plugins/fr.ac6.mcu.externaltools.arm-none.macos64_1.16.0.201807130628/tools/compiler/bin/../lib/gcc/arm-none-eabi/7.2.1/thumb/v7e-m/fpv4-sp/hard/crtbegin.o
                0x00000000200001f8                . = ALIGN (0x4)

.bss            0x00000000200001f8     0x44c8 load address 0x000000000800cef0
                0x00000000200001f8                _sbss = .
                0x00000000200001f8                __bss_start__ = _sbss
 *(.bss)
 .bss           0x00000000200001f8       0x1c /Applications/Ac6/SystemWorkbench.app/Contents/Eclipse/plugins/fr.ac6.mcu.externaltools.arm-none.macos64_1.16.0.201807130628/tools/compiler/bin/../lib/gcc/arm-none-eabi/7.2.1/thumb/v7e-m/fpv4-sp/hard/crtbegin.o
 .bss           0x0000000020000214      0x113 Drivers/display/lcd.o
 *fill*         0x0000000020000327        0x1 
 .bss           0x0000000020000328      0x12c Middlewares/Third_Party/FreeRTOS/Source/tasks.o
                0x0000000020000428                pxCurrentTCB
 .bss           0x0000000020000454        0x8 Middlewares/Third_Party/FreeRTOS/Source/portable/GCC/ARM_CM4F/port.o